Archive member included because of file (symbol)

c:/hightec/toolchains/tricore/v4.6.6.1/bin/../lib/gcc/tricore/4.6.4/../../../../tricore/lib/tc161/short-double\libdnk_c.a(rand.o)
                              src\Core\SecM\SecM.o (rand)
c:/hightec/toolchains/tricore/v4.6.6.1/bin/../lib/gcc/tricore/4.6.4/../../../../tricore/lib/tc161/short-double\libdnk_c.a(srand.o)
                              src\Core\SecM\SecM.o (srand)
c:/hightec/toolchains/tricore/v4.6.6.1/bin/../lib/gcc/tricore/4.6.4/../../../../tricore/lib/tc161/short-double\libos.a(wdtcon.o)
                              src\Driver\Can\Can.o (unlock_wdtcon)
c:/hightec/toolchains/tricore/v4.6.6.1/bin/../lib/gcc/tricore/4.6.4/../../../../tricore/lib/tc161/short-double\libos.a(libos_exit.o)
                              src\crt0-tc2x.o (_exit)

Discarded input sections

 .data          0x00000000        0x0 c:/hightec/toolchains/tricore/v4.6.6.1/bin/../lib/gcc/tricore/4.6.4/tc161/short-double/crti.o
 .bss           0x00000000        0x0 c:/hightec/toolchains/tricore/v4.6.6.1/bin/../lib/gcc/tricore/4.6.4/tc161/short-double/crti.o
 .data          0x00000000        0x8 c:/hightec/toolchains/tricore/v4.6.6.1/bin/../lib/gcc/tricore/4.6.4/tc161/short-double/crtbegin.o
 .data          0x00000000        0x0 src\Cfg\Can\Can_Cfg.o
 .bss           0x00000000        0x0 src\Cfg\Can\Can_Cfg.o
 .data          0x00000000        0x0 src\Cfg\CanIf\CanIf_Cfg.o
 .bss           0x00000000        0x0 src\Cfg\CanIf\CanIf_Cfg.o
 .data          0x00000000        0x0 src\Cfg\CanTp\CanTp_Cfg.o
 .bss           0x00000000        0x0 src\Cfg\CanTp\CanTp_Cfg.o
 .data          0x00000000        0x0 src\Cfg\Dcm\Dcm_Cfg.o
 .bss           0x00000000        0x0 src\Cfg\Dcm\Dcm_Cfg.o
 .data          0x00000000        0x0 src\Cfg\FL\FL_Cfg.o
 .bss           0x00000000        0x0 src\Cfg\FL\FL_Cfg.o
 .data          0x00000000        0x0 src\Cfg\Mcu\Mcu_PBCfg.o
 .bss           0x00000000        0x0 src\Cfg\Mcu\Mcu_PBCfg.o
 .data          0x00000000        0x0 src\Core\Appl\Appl.o
 .data          0x00000000        0x0 src\Core\Cal\Cal.o
 .bss           0x00000000        0x0 src\Core\Cal\Cal.o
 .data          0x00000000        0x0 src\Core\CanIf\CanIf.o
 .bss           0x00000000        0x0 src\Core\CanIf\CanIf.o
 .data          0x00000000        0x0 src\Core\CanTp\CanTp.o
 .data          0x00000000        0x0 src\Core\Dcm\Dcm.o
 .data          0x00000000        0x0 src\Core\Dcm\Dcm_Dsp.o
 .data          0x00000000        0x0 src\Core\SecM\SecM.o
 .data          0x00000000        0x0 src\Driver\Can\Can.o
 .bss           0x00000000        0x0 src\Driver\Fls\Fls.o
 .data          0x00000000        0x0 src\Driver\MCU\Mcu_Crc.o
 .bss           0x00000000        0x0 src\Driver\MCU\Mcu_Crc.o
 .data          0x00000000        0x0 src\Driver\MCU\Mcu_Dma.o
 .bss           0x00000000        0x0 src\Driver\MCU\Mcu_Dma.o
 .data          0x00000000        0x0 src\Driver\MCU\Mcu_Platform.o
 .bss           0x00000000        0x0 src\Driver\MCU\Mcu_Platform.o
 .data          0x00000000        0x0 src\Driver\MCU\Mcu_Ver.o
 .bss           0x00000000        0x0 src\Driver\MCU\Mcu_Ver.o
 .data          0x00000000        0x0 src\Driver\Stm\STM.o
 .bss           0x00000000        0x0 src\Driver\Stm\STM.o
 .data          0x00000000        0x0 src\Driver\Wdg\Wdg.o
 .bss           0x00000000        0x0 src\Driver\Wdg\Wdg.o
 .data          0x00000000        0x0 src\Driver\includes\Mcal.o
 .bss           0x00000000        0x0 src\Driver\includes\Mcal.o
 .data          0x00000000        0x0 src\Driver\includes\Mcal_DmaLib.o
 .bss           0x00000000        0x0 src\Driver\includes\Mcal_DmaLib.o
 .data          0x00000000        0x0 src\Driver\includes\SchM.o
 .bss           0x00000000        0x0 src\Driver\includes\SchM.o
 .data          0x00000000        0x0 src\crt0-tc2x.o
 .bss           0x00000000        0x0 src\crt0-tc2x.o
 .data          0x00000000        0x0 src\main.o
 .bss           0x00000000        0x0 src\main.o
 .data          0x00000000        0x0 c:/hightec/toolchains/tricore/v4.6.6.1/bin/../lib/gcc/tricore/4.6.4/../../../../tricore/lib/tc161/short-double\libdnk_c.a(srand.o)
 .bss           0x00000000        0x0 c:/hightec/toolchains/tricore/v4.6.6.1/bin/../lib/gcc/tricore/4.6.4/../../../../tricore/lib/tc161/short-double\libdnk_c.a(srand.o)
 .data          0x00000000        0x0 c:/hightec/toolchains/tricore/v4.6.6.1/bin/../lib/gcc/tricore/4.6.4/../../../../tricore/lib/tc161/short-double\libos.a(wdtcon.o)
 .bss           0x00000000        0x0 c:/hightec/toolchains/tricore/v4.6.6.1/bin/../lib/gcc/tricore/4.6.4/../../../../tricore/lib/tc161/short-double\libos.a(wdtcon.o)
 .data          0x00000000        0x0 c:/hightec/toolchains/tricore/v4.6.6.1/bin/../lib/gcc/tricore/4.6.4/../../../../tricore/lib/tc161/short-double\libos.a(libos_exit.o)
 .bss           0x00000000        0x8 c:/hightec/toolchains/tricore/v4.6.6.1/bin/../lib/gcc/tricore/4.6.4/../../../../tricore/lib/tc161/short-double\libos.a(libos_exit.o)
[...]
Memory Configuration

Name             Origin             Length             Used               Free               Attributes
PMU_PFLASH0      0x80000000         0x00010000         0x0000bdbc         0x00004244         xr !p
PMU_PFLASH1      0x80200000         0x00200000         0x00000000         0x00200000         xr !p
PMU_DFLASH0_NVM  0xaf000000         0x00004000         0x00000068         0x00003f98         r !xp
PMU_DFLASH0      0xaf004000         0x000fc000         0x00000000         0x000fc000         r !xp
PMU_DFLASH0_1    0xaf100000         0x00004000         0x00000000         0x00004000         r !xp
PMU_DFLASH1      0xaf110000         0x00010000         0x00000000         0x00010000         r !xp
BROM             0x8fff8000         0x00008000         0x00000000         0x00008000         xr !p
PMI_PSPR         0xc0000000         0x00006000         0x00000000         0x00006000         xw !p
DMI_DSPR         0xd0000000         0x0001c000         0x00006000         0x00016000         w !xp
LMU_SRAM         0x90000000         0x00008000         0x00000000         0x00008000         w !xp
*default*        0x00000000         0xffffffff         0x00000046         0xffffffb9

Linker script and memory map

LOAD c:/hightec/toolchains/tricore/v4.6.6.1/bin/../lib/gcc/tricore/4.6.4/tc161/short-double/crti.o
LOAD c:/hightec/toolchains/tricore/v4.6.6.1/bin/../lib/gcc/tricore/4.6.4/tc161/short-double/crtbegin.o
LOAD src\Cfg\Can\Can_Cfg.o
LOAD src\Cfg\CanIf\CanIf_Cfg.o
LOAD src\Cfg\CanTp\CanTp_Cfg.o
LOAD src\Cfg\Dcm\Dcm_Cfg.o
LOAD src\Cfg\FL\FL_Cfg.o
LOAD src\Cfg\Mcu\Mcu_PBCfg.o
LOAD src\Core\Appl\Appl.o
LOAD src\Core\Cal\Cal.o
LOAD src\Core\CanIf\CanIf.o
LOAD src\Core\CanTp\CanTp.o
LOAD src\Core\Dcm\Dcm.o
LOAD src\Core\Dcm\Dcm_Dsp.o
LOAD src\Core\Fl\FL.o
LOAD src\Core\SecM\SecM.o
LOAD src\Driver\Can\Can.o
LOAD src\Driver\Fls\Fls.o
LOAD src\Driver\MCU\Mcu.o
LOAD src\Driver\MCU\Mcu_Crc.o
LOAD src\Driver\MCU\Mcu_Dma.o
LOAD src\Driver\MCU\Mcu_Platform.o
LOAD src\Driver\MCU\Mcu_Ver.o
LOAD src\Driver\Stm\STM.o
LOAD src\Driver\Wdg\Wdg.o
LOAD src\Driver\includes\Mcal.o
LOAD src\Driver\includes\Mcal_DmaLib.o
LOAD src\Driver\includes\Mcal_TcLib.o
LOAD src\Driver\includes\Mcal_WdgLib.o
LOAD src\Driver\includes\SchM.o
LOAD src\crt0-tc2x.o
LOAD src\main.o
LOAD c:/hightec/toolchains/tricore/v4.6.6.1/bin/../lib/gcc/tricore/4.6.4/tc161/short-double\libgcc.a
LOAD c:/hightec/toolchains/tricore/v4.6.6.1/bin/../lib/gcc/tricore/4.6.4/../../../../tricore/lib/tc161/short-double\libdnk_c.a
LOAD c:/hightec/toolchains/tricore/v4.6.6.1/bin/../lib/gcc/tricore/4.6.4/../../../../tricore/lib/tc161/short-double\libos.a
LOAD c:/hightec/toolchains/tricore/v4.6.6.1/bin/../lib/gcc/tricore/4.6.4/../../../../tricore/lib/tc161/short-double\libdnk_c.a
LOAD c:/hightec/toolchains/tricore/v4.6.6.1/bin/../lib/gcc/tricore/4.6.4/tc161/short-double\libgcc.a
LOAD c:/hightec/toolchains/tricore/v4.6.6.1/bin/../lib/gcc/tricore/4.6.4/tc161/short-double/crtend.o
LOAD c:/hightec/toolchains/tricore/v4.6.6.1/bin/../lib/gcc/tricore/4.6.4/tc161/short-double/crtn.o
                0x80000000                __PMU_PFLASH0_BEGIN = 0x80000000
                0x00010000                __PMU_PFLASH0_SIZE = 0x10000
                0x80200000                __PMU_PFLASH1_BEGIN = 0x80200000
                0x00200000                __PMU_PFLASH1_SIZE = 0x200000
                0xaf000000                __PMU_DFLASH0_NVM_BEGIN = 0xaf000000
                0x00004000                __PMU_DFLASH0_NVM_SIZE = 0x4000
                0xaf004000                __PMU_DFLASH0_BEGIN = 0xaf004000
                0x000fc000                __PMU_DFLASH0_SIZE = 0xfc000
                0xaf100000                __PMU_DFLASH0_1_BEGIN = 0xaf100000
                0x00004000                __PMU_DFLASH0_1_SIZE = 0x4000
                0xaf110000                __PMU_DFLASH1_BEGIN = 0xaf110000
                0x00010000                __PMU_DFLASH1_SIZE = 0x10000
                0x8fff8000                __BROM_BEGIN = 0x8fff8000
                0x00008000                __BROM_SIZE = 0x8000
                0xc0000000                __PMI_PSPR_BEGIN = 0xc0000000
                0x00006000                __PMI_PSPR_SIZE = 0x6000
                0xd0000000                __DMI_DSPR_BEGIN = 0xd0000000
                0x0001c000                __DMI_DSPR_SIZE = 0x1c000
                0x90000000                __LMU_SRAM_BEGIN = 0x90000000
                0x00008000                __LMU_SRAM_SIZE = 0x8000
                [0x00000400]                __USTACK_SIZE = DEFINED (__USTACK_SIZE)?__USTACK_SIZE:0x400
                [0x00000100]                __ISTACK_SIZE = DEFINED (__ISTACK_SIZE)?__ISTACK_SIZE:0x100
                [0x00001000]                __HEAP_SIZE = DEFINED (__HEAP_SIZE)?__HEAP_SIZE:0x1000
                [0x00004000]                __CSA_SIZE = DEFINED (__CSA_SIZE)?__CSA_SIZE:0x4000

.startup_code   memory region -> PMU_PFLASH0
                0x80000000      0x370
                0x80000000                PROVIDE (__startup_code_start, .)
 *(.startup_code)
 .startup_code  0x80000000      0x36c src\crt0-tc2x.o
                0x80000020                _start
                0x800001e8                __init_csa
                0x80000280                __clear_table_func
                0x800002f0                __copy_table_func
 *(.startup_code*)
                0x8000036c                PROVIDE (__startup_code_end, .)
                0x80000370                . = ALIGN (0x8)
 *fill*         0x8000036c        0x4 00

.text           memory region -> PMU_PFLASH0
                0x80000370     0xb288
                0x80000370                PROVIDE (__text_start, .)
 *(.text)
 .text          0x80000370        0x0 c:/hightec/toolchains/tricore/v4.6.6.1/bin/../lib/gcc/tricore/4.6.4/tc161/short-double/crti.o
 .text          0x80000370        0x4 c:/hightec/toolchains/tricore/v4.6.6.1/bin/../lib/gcc/tricore/4.6.4/tc161/short-double/crtbegin.o
 .text          0x80000374        0x0 src\Cfg\Can\Can_Cfg.o
 .text          0x80000374        0x0 src\Cfg\CanIf\CanIf_Cfg.o
 .text          0x80000374        0x0 src\Cfg\CanTp\CanTp_Cfg.o
 .text          0x80000374        0x0 src\Cfg\Dcm\Dcm_Cfg.o
 .text          0x80000374        0x0 src\Cfg\FL\FL_Cfg.o
 .text          0x80000374        0x0 src\Cfg\Mcu\Mcu_PBCfg.o
 .text          0x80000374      0x5b4 src\Core\Appl\Appl.o
                0x80000374                Appl_EcuStartup
                0x8000044c                Appl_FlStartup
                0x800004d2                Appl_EcuShutdown
                0x800004d6                Appl_EcuReset
                0x800004f2                Appl_CheckConsistency
                0x80000552                Appl_UpdateTriggerCondition
                0x80000640                Appl_Memcpy
                0x80000694                Appl_Memset
 .text          0x80000928       0x9e src\Core\Cal\Cal.o
                0x80000928                Cal_CrcInit
                0x8000093c                Cal_CrcCal
                0x800009aa                Cal_CrcFinalize
 .text          0x800009c6      0x214 src\Core\CanIf\CanIf.o
                0x800009c6                CanIf_Init
                0x800009e8                CanIf_Transmit
                0x80000aac                CanIf_TxConfirmation
                0x80000b16                CanIf_RxIndication
                0x80000bba                CanIf_ControllerBusOff
                0x80000bc6                CanIf_MainFunction
 *fill*         0x80000bda        0x2 00
 .text          0x80000bdc     0x1884 src\Core\CanTp\CanTp.o
                0x80000bdc                CanTp_Init
                0x80000c12                CanTp_RxIndication
                0x80000d96                CanTp_TxConfirmation
                0x80000f0a                CanTp_Transmit
                0x80000f70                CanTp_MainFunction
 .text          0x80002460      0xb22 src\Core\Dcm\Dcm.o
                0x80002460                Dcm_Init
                0x80002484                Dcm_ProgramInit
                0x80002516                Dcm_MainFunction
                0x80002522                Dcm_ProvideRxBuffer
                0x800025c0                Dcm_RxIndication
                0x80002606                Dcm_ProvideTxBuffer
                0x80002670                Dcm_TxConfirmation
                0x800026f0                Dcm_ServiceFinish
                0x800027da                Dcm_SetSessionMode
                0x800027f6                Dcm_GetSessionMode
                0x80002808                Dcm_CheckSessionSupp
                0x8000283c                Dcm_CheckSessionSuppMask
                0x80002878                Dcm_CheckSessionSuppMask_2E
                0x800028b4                Dcm_SetSecurityLevel
                0x800028d0                Dcm_GetSecurityLevel
                0x800028e2                Dcm_GetSecurityTimerExpired
                0x800028f4                Dcm_CheckSecuritySupp
                0x80002928                Dcm_StartSecurityTimer
                0x80002954                Dcm_StartResetTimer
                0x80002984                Dcm_SendRsp
                0x800029b0                Dcm_SendNcr
                0x80002cde                Dcm_StartP3cTimer
                0x80002f36                Dcm_ForcePending
                0x80002f42                PosResponse255
 .text          0x80002f82     0x1ca4 src\Core\Dcm\Dcm_Dsp.o
                0x80002f82                Dcm_DspInit
                0x80002fcc                Dcm_RecvMsg10
                0x800032c2                Dcm_RecvMsg11
                0x80003428                Dcm_RecvMsg22
                0x8000359e                Dcm_RecvMsg2E
                0x80003728                Dcm_RecvMsg27
                0x8000389e                Dcm_RecvMsg28
                0x80003a42                Dcm_RecvMsg34
                0x80003c06                Dcm_RecvMsg36
                0x80003dc6                Dcm_RecvMsg37
                0x80003e40                Dcm_RecvMsg31
                0x80004042                Dcm_CheckProgPreCondition
                0x800040b6                Dcm_CheckProgDependencies
                0x80004118                Dcm_CheckMemory
                0x8000416c                Dcm_EraseMemory
                0x80004298                Dcm_RecvMsg3E
                0x800043b4                Dcm_RecvMsg85
                0x800044f8                Dcm_Pending2E
                0x8000456e                Dcm_Pending36
                0x800045ca                Dcm_Pending31
 .text          0x80004c26     0x1774 src\Core\Fl\FL.o
                0x80004c26                FL_InitState
                0x80004cb4                FL_ReadProgCounter
                0x80004cd8                FL_ReadProgAttemptCounter
                0x80004cfc                FL_ReadBootSWReferenceNumber
                0x80004d60                FL_ReadFingerPrint
                0x80004e1c                FL_ReadSysECUHWVer
                0x80004e82                FL_ReadMemory
                0x80004faa                FL_CheckProgPreCondition
                0x80004fc2                FL_WriteRepairShopCode
                0x8000501c                FL_WriteFingerPrint
                0x8000509a                FL_CheckSumRoutine
                0x80005114                FL_EraseRoutine
                0x800052c4                FL_DownloadRequestValid
                0x80005436                FL_FlashProgramRegion
                0x80005582                FL_ExitTransferData
                0x800055d0                FL_ServiceFinished
                0x80005630                FL_MainFunction
                0x800062d2                FL_updateProgCnt
                0x80006386                Fl_GetActiveJob
 .text          0x8000639a      0x34e src\Core\SecM\SecM.o
                0x8000639a                SecM_GenerateSeed
                0x800063f4                SecM_ComputeKey
                0x80006444                SecM_CompareKey
                0x8000647a                SecM_ComputeCRC
                0x800064e0                SecM_Verification
 .text          0x800066e8     0x1a44 src\Driver\Can\Can.o
                0x800066e8                Can_Init
                0x80006852                Can_InitController
                0x80006888                Can_SetControllerMode
                0x80006920                Can_DisableControllerInterrupts
                0x80006964                Can_EnableControllerInterrupts
                0x800069f6                Can_Write
                0x80006a90                Can_Cbk_CheckWakeup
                0x80006aa8                Can_MainFunction_Write
                0x80006b02                Can_MainFunction_Read
                0x80006b5c                Can_MainFunction_BusOff
                0x80006bd8                Can_MainFunction_Wakeup
                0x80008032                Can_Deinit
 .text          0x8000812c       0x7e src\Driver\Fls\Fls.o
                0x8000812c                FlashReadByte
                0x80008160                FlashReadMemory
 .text          0x800081aa      0xf0a src\Driver\MCU\Mcu.o
                0x800081aa                Mcu_Init
                0x8000829a                Mcu_DeInit
                0x80008310                Mcu_InitRamSection
                0x80008326                Mcu_InitClock
                0x8000898e                Mcu_DistributePllClock
                0x80008ccc                Mcu_GetPllStatus
                0x80008cee                Mcu_GetResetReason
                0x80008d22                Mcu_GetResetRawValue
                0x80008d3e                Mcu_PerformReset
                0x80008d90                Mcu_SetMode
 .text          0x800090b4        0x0 src\Driver\MCU\Mcu_Crc.o
 .text          0x800090b4       0x64 src\Driver\MCU\Mcu_Dma.o
                0x800090b4                Mcu_lDmaInit
                0x800090fc                Mcu_lDmaDeInit
 .text          0x80009118      0xb88 src\Driver\MCU\Mcu_Platform.o
                0x80009118                Mcu_lPlatformInit
                0x800093da                Mcu_lGetPlatformRstReason
                0x80009850                Mcu_lSetIdleMode
                0x800098c6                Mcu_lSetSleepMode
                0x8000993c                Mcu_lSetStandbyMode
 .text          0x80009ca0        0x0 src\Driver\MCU\Mcu_Ver.o
 .text          0x80009ca0      0x1c2 src\Driver\Stm\STM.o
                0x80009ca0                STM_Init
                0x80009d6c                STM_Deinit
                0x80009dc4                STM_GetFlag
 .text          0x80009e62      0x270 src\Driver\Wdg\Wdg.o
                0x80009e62                ScuWdt_ClearCpuEndinit
                0x80009f02                ScuWdt_setCpuEndinit
                0x80009fa2                ScuWdt_initCpuWatchdog
                0x8000a086                Wdg_Start
                0x8000a092                Wdg_Stop
                0x8000a0c0                Wdg_Kick
                0x8000a0ca                Wdg_SystemReset
 .text          0x8000a0d2       0x24 src\Driver\includes\Mcal.o
                0x8000a0d2                Mcal_SafeErrorHandler
 *fill*         0x8000a0f6        0x2 00
 .text          0x8000a0f8      0x1d0 src\Driver\includes\Mcal_DmaLib.o
                0x8000a0f8                Mcal_DmaEnableIntr
                0x8000a148                Mcal_DmaDisableIntr
                0x8000a1c4                Mcal_DmaCfgNoOfMovesPerTransfer
 .text          0x8000a2c8      0x590 src\Driver\includes\Mcal_TcLib.o
                0x8000a2c8                cmpswap_w
                0x8000a31a                Mcal_GetCoreId
                0x8000a336                Mcal_GetDsprReMapAddress
                0x8000a432                Mcal_SetCpuPC
                0x8000a46a                Mcal_StartCore
                0x8000a4d0                Mcal_LockResource
                0x8000a4fe                Mcal_UnlockResource
                0x8000a518                Mcal_GetSpinLock
                0x8000a574                Mcal_ReleaseSpinLock
                0x8000a58e                Mcal_SuspendAllInterrupts
                0x8000a690                Mcal_ResumeAllInterrupts
                0x8000a784                Mcal_UpdateRegSV
                0x8000a7b8                Mcal_SetRegValSV
 .text          0x8000a858      0x9e4 src\Driver\includes\Mcal_WdgLib.o
                0x8000a976                Mcal_ResetCpuENDINIT
                0x8000aa9a                Mcal_SetCpuENDINIT
                0x8000adea                Mcal_ResetENDINIT
                0x8000af24                Mcal_SetENDINIT
                0x8000b092                Mcal_ResetSafetyENDINIT_Timed
                0x8000b102                Mcal_SetSafetyENDINIT_Timed
                0x8000b154                Mcal_SafetyModifyAccess
                0x8000b170                Mcal_CpuWdtModifyAccess
                0x8000b1a4                Mcal_SafetyCheckAccess
                0x8000b1c0                Mcal_CpuWdtCheckAccess
                0x8000b1f4                Mcal_SafetyPwSequence
                0x8000b20c                Mcal_CpuWdtPwSequence
 .text          0x8000b23c      0x180 src\Driver\includes\SchM.o
                0x8000b23c                SchM_Enter_Adc_StartGroup
                0x8000b240                SchM_Enter_Adc_StopGroup
                0x8000b244                SchM_Enter_Adc_ReadGroup
                0x8000b248                SchM_Enter_Adc_EnableHwTrig
                0x8000b24c                SchM_Enter_Adc_DisableHwTrig
                0x8000b250                SchM_Enter_Adc_GetGrpStatus
                0x8000b254                SchM_Enter_Adc_GetStreamLastPtr
                0x8000b258                SchM_Enter_Adc_ScheduleStart
                0x8000b25c                SchM_Enter_Adc_ScheduleStop
                0x8000b260                SchM_Enter_Adc_ScheduleNext
                0x8000b264                SchM_Enter_Adc_PushQueue
                0x8000b268                SchM_Enter_Adc_PopQueue
                0x8000b26c                SchM_Exit_Adc_StartGroup
                0x8000b270                SchM_Exit_Adc_StopGroup
                0x8000b274                SchM_Exit_Adc_ReadGroup
                0x8000b278                SchM_Exit_Adc_EnableHwTrig
                0x8000b27c                SchM_Exit_Adc_DisableHwTrig
                0x8000b280                SchM_Exit_Adc_GetGrpStatus
                0x8000b284                SchM_Exit_Adc_GetStreamLastPtr
                0x8000b288                SchM_Exit_Adc_ScheduleStart
                0x8000b28c                SchM_Exit_Adc_ScheduleStop
                0x8000b290                SchM_Exit_Adc_ScheduleNext
                0x8000b294                SchM_Exit_Adc_PushQueue
                0x8000b298                SchM_Exit_Adc_PopQueue
                0x8000b29c                SchM_Enter_Icu_17_GtmCcu6_EnableWakeup
                0x8000b2a0                SchM_Exit_Icu_17_GtmCcu6_EnableWakeup
                0x8000b2a4                SchM_Enter_Icu_17_GtmCcu6_EnableNotification
                0x8000b2a8                SchM_Exit_Icu_17_GtmCcu6_EnableNotification
                0x8000b2ac                SchM_Enter_Icu_17_GtmCcu6_ResetEdgeCount
                0x8000b2b0                SchM_Exit_Icu_17_GtmCcu6_ResetEdgeCount
                0x8000b2b4                SchM_Enter_Icu_17_GtmCcu6_Ccu6IenUpdate
                0x8000b2b8                SchM_Exit_Icu_17_GtmCcu6_Ccu6IenUpdate
                0x8000b2bc                SchM_Enter_Icu_17_GtmCcu6_CcuInterruptHandle
                0x8000b2c0                SchM_Exit_Icu_17_GtmCcu6_CcuInterruptHandle
                0x8000b2c4                SchM_Enter_Icu_17_GtmCcu6_CcuVariableupdate
                0x8000b2c8                SchM_Exit_Icu_17_GtmCcu6_CcuVariableupdate
                0x8000b2cc                SchM_Enter_Can_17_MCanP_CanDisInt
                0x8000b2d0                SchM_Exit_Can_17_MCanP_CanDisInt
                0x8000b2d4                SchM_Enter_Can_17_MCanP_CanEnInt
                0x8000b2d8                SchM_Exit_Can_17_MCanP_CanEnInt
                0x8000b2dc                SchM_Enter_Can_17_MCanP_CanWrMO
                0x8000b2e0                SchM_Exit_Can_17_MCanP_CanWrMO
                0x8000b2e4                SchM_Enter_Fr_17_Eray_ControllerInit
                0x8000b2e8                SchM_Exit_Fr_17_Eray_ControllerInit
                0x8000b2ec                SchM_Enter_Fr_17_Eray_SetWakeupChannel
                0x8000b2f0                SchM_Exit_Fr_17_Eray_SetWakeupChannel
                0x8000b2f4                SchM_Enter_Spi_WriteIB
                0x8000b2f8                SchM_Exit_Spi_WriteIB
                0x8000b2fc                SchM_Enter_Spi_AsyncTransmit
                0x8000b300                SchM_Exit_Spi_AsyncTransmit
                0x8000b304                SchM_Enter_Spi_GetSequenceResult
                0x8000b308                SchM_Exit_Spi_GetSequenceResult
                0x8000b30c                SchM_Enter_Spi_Cancel
                0x8000b310                SchM_Exit_Spi_Cancel
                0x8000b314                SchM_Enter_Spi_Init
                0x8000b318                SchM_Exit_Spi_Init
                0x8000b31c                SchM_Enter_Spi_DeInit
                0x8000b320                SchM_Exit_Spi_DeInit
                0x8000b324                SchM_Enter_Spi_SyncTransmit
                0x8000b328                SchM_Exit_Spi_SyncTransmit
                0x8000b32c                SchM_Enter_Wdg_17_Scu_TimerHandling
                0x8000b330                SchM_Enter_Wdg_17_Scu_Trigger
                0x8000b334                SchM_Enter_Wdg_17_Scu_ChangeMode
                0x8000b338                SchM_Enter_Wdg_17_Scu_SafetyInit
                0x8000b33c                SchM_Enter_Wdg_17_Scu_SafetyTrigger
                0x8000b340                SchM_Enter_Wdg_17_Scu_SafetyOffMode
                0x8000b344                SchM_Exit_Wdg_17_Scu_TimerHandling
                0x8000b348                SchM_Exit_Wdg_17_Scu_Trigger
                0x8000b34c                SchM_Exit_Wdg_17_Scu_ChangeMode
                0x8000b350                SchM_Exit_Wdg_17_Scu_SafetyInit
                0x8000b354                SchM_Exit_Wdg_17_Scu_SafetyTrigger
                0x8000b358                SchM_Exit_Wdg_17_Scu_SafetyOffMode
                0x8000b35c                SchM_Enter_Fls_17_Pmu_Init
                0x8000b360                SchM_Exit_Fls_17_Pmu_Init
                0x8000b364                SchM_Enter_Fls_17_Pmu_Erase
                0x8000b368                SchM_Exit_Fls_17_Pmu_Erase
                0x8000b36c                SchM_Enter_Fls_17_Pmu_Write
                0x8000b370                SchM_Exit_Fls_17_Pmu_Write
                0x8000b374                SchM_Enter_Fls_17_Pmu_Main
                0x8000b378                SchM_Exit_Fls_17_Pmu_Main
                0x8000b37c                SchM_Enter_Fls_17_Pmu_ResumeErase
                0x8000b380                SchM_Exit_Fls_17_Pmu_ResumeErase
                0x8000b384                SchM_Enter_FlsLoader_Erase
                0x8000b388                SchM_Enter_FlsLoader_Write
                0x8000b38c                SchM_Enter_FlsLoader_lLock
                0x8000b390                SchM_Exit_FlsLoader_lLock
                0x8000b394                SchM_Exit_FlsLoader_Write
                0x8000b398                SchM_Exit_FlsLoader_Erase
                0x8000b39c                SchM_Enter_Eth_17_EthMac_Transmit
                0x8000b3a0                SchM_Exit_Eth_17_EthMac_Transmit
                0x8000b3a4                SchM_Enter_Eth_17_EthMac_ProvideTxBuffer
                0x8000b3a8                SchM_Exit_Eth_17_EthMac_ProvideTxBuffer
                0x8000b3ac                SchM_Enter_Eth_17_EthMac_SetControllerMode
                0x8000b3b0                SchM_Exit_Eth_17_EthMac_SetControllerMode
                0x8000b3b4                SchM_Enter_Eth_17_EthMac_TxRxIrqHandler
                0x8000b3b8                SchM_Exit_Eth_17_EthMac_TxRxIrqHandler
 .text          0x8000b3bc        0x0 src\crt0-tc2x.o
 .text          0x8000b3bc       0x10 src\main.o
                0x8000b3bc                main
 .text          0x8000b3cc        0x0 c:/hightec/toolchains/tricore/v4.6.6.1/bin/../lib/gcc/tricore/4.6.4/../../../../tricore/lib/tc161/short-double\libdnk_c.a(rand.o)
 .text          0x8000b3cc        0x0 c:/hightec/toolchains/tricore/v4.6.6.1/bin/../lib/gcc/tricore/4.6.4/../../../../tricore/lib/tc161/short-double\libdnk_c.a(srand.o)
 .text          0x8000b3cc        0x0 c:/hightec/toolchains/tricore/v4.6.6.1/bin/../lib/gcc/tricore/4.6.4/../../../../tricore/lib/tc161/short-double\libos.a(wdtcon.o)
 .text          0x8000b3cc        0x0 c:/hightec/toolchains/tricore/v4.6.6.1/bin/../lib/gcc/tricore/4.6.4/../../../../tricore/lib/tc161/short-double\libos.a(libos_exit.o)
 .text          0x8000b3cc        0x2 c:/hightec/toolchains/tricore/v4.6.6.1/bin/../lib/gcc/tricore/4.6.4/tc161/short-double/crtend.o
 .text          0x8000b3ce        0x0 c:/hightec/toolchains/tricore/v4.6.6.1/bin/../lib/gcc/tricore/4.6.4/tc161/short-double/crtn.o
 *(.text*)
 .text.__do_global_dtors_aux
                0x8000b3ce       0x4a c:/hightec/toolchains/tricore/v4.6.6.1/bin/../lib/gcc/tricore/4.6.4/tc161/short-double/crtbegin.o
 .text.call___do_global_dtors_aux
                0x8000b418        0x0 c:/hightec/toolchains/tricore/v4.6.6.1/bin/../lib/gcc/tricore/4.6.4/tc161/short-double/crtbegin.o
 .text.frame_dummy
                0x8000b418       0x1c c:/hightec/toolchains/tricore/v4.6.6.1/bin/../lib/gcc/tricore/4.6.4/tc161/short-double/crtbegin.o
 .text.call_frame_dummy
                0x8000b434        0x0 c:/hightec/toolchains/tricore/v4.6.6.1/bin/../lib/gcc/tricore/4.6.4/tc161/short-double/crtbegin.o
 .text.rand     0x8000b434       0xd0 c:/hightec/toolchains/tricore/v4.6.6.1/bin/../lib/gcc/tricore/4.6.4/../../../../tricore/lib/tc161/short-double\libdnk_c.a(rand.o)
                0x8000b434                rand
 .text.srand    0x8000b504       0x32 c:/hightec/toolchains/tricore/v4.6.6.1/bin/../lib/gcc/tricore/4.6.4/../../../../tricore/lib/tc161/short-double\libdnk_c.a(srand.o)
                0x8000b504                srand
 .text.unlock_wdtcon
                0x8000b536       0x2c c:/hightec/toolchains/tricore/v4.6.6.1/bin/../lib/gcc/tricore/4.6.4/../../../../tricore/lib/tc161/short-double\libos.a(wdtcon.o)
                0x8000b536                unlock_wdtcon
 .text.lock_wdtcon
                0x8000b562       0x2c c:/hightec/toolchains/tricore/v4.6.6.1/bin/../lib/gcc/tricore/4.6.4/../../../../tricore/lib/tc161/short-double\libos.a(wdtcon.o)
                0x8000b562                lock_wdtcon
 .text.unlock_safety_wdtcon
                0x8000b58e       0x20 c:/hightec/toolchains/tricore/v4.6.6.1/bin/../lib/gcc/tricore/4.6.4/../../../../tricore/lib/tc161/short-double\libos.a(wdtcon.o)
                0x8000b58e                unlock_safety_wdtcon
 .text.lock_safety_wdtcon
                0x8000b5ae       0x20 c:/hightec/toolchains/tricore/v4.6.6.1/bin/../lib/gcc/tricore/4.6.4/../../../../tricore/lib/tc161/short-double\libos.a(wdtcon.o)
                0x8000b5ae                lock_safety_wdtcon
 .text._exit    0x8000b5ce       0x10 c:/hightec/toolchains/tricore/v4.6.6.1/bin/../lib/gcc/tricore/4.6.4/../../../../tricore/lib/tc161/short-double\libos.a(libos_exit.o)
                0x8000b5ce                _exit
 .text.__do_global_ctors_aux
                0x8000b5de       0x1a c:/hightec/toolchains/tricore/v4.6.6.1/bin/../lib/gcc/tricore/4.6.4/tc161/short-double/crtend.o
 .text.call___do_global_ctors_aux
                0x8000b5f8        0x0 c:/hightec/toolchains/tricore/v4.6.6.1/bin/../lib/gcc/tricore/4.6.4/tc161/short-double/crtend.o
 *(.gnu.linkonce.t.*)
                0x8000b5f8                PROVIDE (__text_end, .)
                0x8000b5f8                . = ALIGN (0x8)

.init           memory region -> PMU_PFLASH0
                0x8000b5f8       0x10
                0x8000b5f8                PROVIDE (__init_start, .)
 *(.init)
 .init          0x8000b5f8        0x0 c:/hightec/toolchains/tricore/v4.6.6.1/bin/../lib/gcc/tricore/4.6.4/tc161/short-double/crti.o
                0x8000b5f8                _init
 .init          0x8000b5f8        0x4 c:/hightec/toolchains/tricore/v4.6.6.1/bin/../lib/gcc/tricore/4.6.4/tc161/short-double/crtbegin.o
 .init          0x8000b5fc        0x4 c:/hightec/toolchains/tricore/v4.6.6.1/bin/../lib/gcc/tricore/4.6.4/tc161/short-double/crtend.o
 .init          0x8000b600        0x2 c:/hightec/toolchains/tricore/v4.6.6.1/bin/../lib/gcc/tricore/4.6.4/tc161/short-double/crtn.o
 *(.init*)
                0x8000b602                PROVIDE (__init_end, .)
                0x8000b608                . = ALIGN (0x8)
 *fill*         0x8000b602        0x6 00

.fini           memory region -> PMU_PFLASH0
                0x8000b608        0x8
                0x8000b608                PROVIDE (__fini_start, .)
 *(.fini)
 .fini          0x8000b608        0x0 c:/hightec/toolchains/tricore/v4.6.6.1/bin/../lib/gcc/tricore/4.6.4/tc161/short-double/crti.o
                0x8000b608                _fini
 .fini          0x8000b608        0x4 c:/hightec/toolchains/tricore/v4.6.6.1/bin/../lib/gcc/tricore/4.6.4/tc161/short-double/crtbegin.o
 .fini          0x8000b60c        0x2 c:/hightec/toolchains/tricore/v4.6.6.1/bin/../lib/gcc/tricore/4.6.4/tc161/short-double/crtn.o
 *(.fini*)
                0x8000b60e                PROVIDE (__fini_end, .)
                0x8000b610                . = ALIGN (0x8)
 *fill*         0x8000b60e        0x2 00

.traptab        memory region -> PMU_PFLASH0
                0x8000b610        0x0
                0x8000b610                PROVIDE (__traptab_start, .)
 *(.traptab)
 *(.traptab*)
                0x8000b610                PROVIDE (__traptab_end, .)
                0x8000b610                . = ALIGN (0x8)

.inttab         memory region -> PMU_PFLASH0
                0x8000b610        0x0
                0x8000b610                PROVIDE (__inttab_start, .)
 *(.inttab)
 *(.inttab*)
                0x8000b610                PROVIDE (__inttab_end, .)
                0x8000b610                . = ALIGN (0x8)

.eh_frame       memory region -> PMU_PFLASH0
                0x8000b610        0x0
                0x8000b610                PROVIDE (__eh_frame_start, .)
 *(.eh_frame)
 *(.eh_frame*)
                0x8000b610                PROVIDE (__eh_frame_end, .)
                0x8000b610                . = ALIGN (0x8)

.zdata          memory region -> DMI_DSPR
                0xd0000000        0x0 load address 0x8000b610
                0xd0000000                PROVIDE (__zdata_start, .)
 *(.zdata)
 *(.zdata*)
 *(.zdata.rodata)
 *(.zdata.rodata*)
 *(.zrodata)
 *(.zrodata*)
 *(.gnu.linkonce.z.*)
 *(.gnu.linkonce.zr.*)
                0xd0000000                PROVIDE (__zdata_end, .)
                0xd0000000                . = ALIGN (0x8)

.zbss           memory region -> DMI_DSPR
                0xd0000000        0x0 load address 0x8000b610
                0xd0000000                PROVIDE (__zbss_start, .)
 *(.zbss)
 *(.zbss*)
 *(.gnu.linkonce.zb.*)
                0xd0000000                PROVIDE (__zbss_end, .)
                0xd0000000                . = ALIGN (0x8)

.bbss           memory region -> DMI_DSPR
                0xd0000000        0x0 load address 0x8000b610
                0xd0000000                PROVIDE (__bbss_start, .)
 *(.bbss)
 *(.bbss*)
                0xd0000000                PROVIDE (__bbss_end, .)
                0xd0000000                . = ALIGN (0x8)

.bdata          memory region -> DMI_DSPR
                0xd0000000        0x0 load address 0x8000b610
                0xd0000000                PROVIDE (__bdata_start, .)
 *(.bdata)
 *(.bdata*)
                0xd0000000                PROVIDE (__bdata_end, .)
                0xd0000000                . = ALIGN (0x8)

.sdata2         memory region -> PMU_PFLASH0
                0x8000b610        0x0
                0x8000b610                PROVIDE (__sdata2_start, .)
 *(.sdata.rodata)
 *(.sdata.rodata*)
 *(.srodata)
 *(.srodata*)
 *(.gnu.linkonce.sr.*)
                0x8000b610                PROVIDE (__sdata2_end, .)
                0x8000b610                . = ALIGN (0x8)

.sdata          memory region -> DMI_DSPR
                0xd0000000        0x0 load address 0x8000b610
                0xd0000000                PROVIDE (__sdata_start, .)
 *(.sdata)
 *(.sdata*)
 *(.gnu.linkonce.s.*)
                0xd0000000                PROVIDE (__sdata_end, .)
                0xd0000000                . = ALIGN (0x8)

.sbss           memory region -> DMI_DSPR
                0xd0000000        0x0 load address 0x8000b610
                0xd0000000                PROVIDE (__sbss_start, .)
 *(.sbss)
 *(.sbss*)
 *(.gnu.linkonce.sb.*)
                0xd0000000                PROVIDE (__sbss_end, .)
                0xd0000000                . = ALIGN (0x8)

.rodata         memory region -> PMU_PFLASH0
                0x8000b610      0x6c8
                0x8000b610                PROVIDE (__rodata_start, .)
 *(.rodata)
 .rodata        0x8000b610       0x5c src\Cfg\Can\Can_Cfg.o
                0x8000b610                Can_HardwareObjectConfigData
                0x8000b650                Can_HohConfigData
                0x8000b654                Can_ControllerConfigData
                0x8000b65c                Can_ControllerPCConfigData
 .rodata        0x8000b66c       0x40 src\Cfg\CanIf\CanIf_Cfg.o
                0x8000b66c                CanIfTxCh
                0x8000b67c                CanIfRxCh
 .rodata        0x8000b6ac       0x16 src\Cfg\CanTp\CanTp_Cfg.o
                0x8000b6ac                CanTp_RxSdu
                0x8000b6bc                CanTp_TxSdu
 *fill*         0x8000b6c2        0x2 00
 .rodata        0x8000b6c4      0x114 src\Cfg\Dcm\Dcm_Cfg.o
                0x8000b6c4                Dcm_ServiceTable
                0x8000b754                Dcm_SessionRow
                0x8000b760                Dcm_ResetRow
                0x8000b764                Dcm_ReadDidRow
                0x8000b774                Dcm_SecurityRow
                0x8000b784                Dcm_ComControlRow
                0x8000b790                Dcm_WriteDidRow
                0x8000b79c                Dcm_RoutineControlRow
                0x8000b7cc                Dcm_DownloadRow
                0x8000b7cd                Dcm_testPresentRow
                0x8000b7ce                Dcm_DTCSettingRow
 .rodata        0x8000b7d8       0x3c src\Cfg\FL\FL_Cfg.o
                0x8000b7d8                FL_BlkInfo
 .rodata        0x8000b814       0x68 src\Cfg\Mcu\Mcu_PBCfg.o
                0x8000b864                Mcu_ConfigRoot
 .rodata        0x8000b87c      0x400 src\Core\Cal\Cal.o
                0x8000b87c                Cal_Crc32Tab
 .rodata        0x8000bc7c        0x3 src\Core\Dcm\Dcm_Dsp.o
 .rodata        0x8000bc7f       0x1a src\Core\Fl\FL.o
 *fill*         0x8000bc99        0x3 00
 .rodata        0x8000bc9c        0xc src\Driver\includes\Mcal_TcLib.o
 .rodata        0x8000bca8       0x30 src\Driver\includes\Mcal_WdgLib.o
 *(.rodata*)
 *(.gnu.linkonce.r.*)
 *(.jcr.*)
                0x8000bcd8                PROVIDE (__rodata_end, .)
                0x8000bcd8                . = ALIGN (0x8)

.data           memory region -> DMI_DSPR
                0xd0000000       0x60 load address 0x8000bcd8
                0xd0000000                PROVIDE (__data_start, .)
 *(.data)
 .data          0xd0000000       0x18 src\Core\Fl\FL.o
 .data          0xd0000018        0x8 src\Driver\Fls\Fls.o
                0xd0000018                BLFlash_InfoPtr
 .data          0xd0000020        0x8 src\Driver\MCU\Mcu.o
                0xd0000020                Mcu_ResetStatusVal
 .data          0xd0000028       0x18 src\Driver\includes\Mcal_TcLib.o
 .data          0xd0000040       0x18 src\Driver\includes\Mcal_WdgLib.o
 .data          0xd0000058        0x8 c:/hightec/toolchains/tricore/v4.6.6.1/bin/../lib/gcc/tricore/4.6.4/../../../../tricore/lib/tc161/short-double\libdnk_c.a(rand.o)
                0xd0000058                _Randseed
 *(.data*)
 *(.gnu.linkonce.d.*)
                0xd0000060                PROVIDE (__data_end, .)
                0xd0000060                . = ALIGN (0x8)

.jcr            memory region -> PMI_PSPR
                0xc0000000        0x0
 .jcr           0xc0000000        0x0 c:/hightec/toolchains/tricore/v4.6.6.1/bin/../lib/gcc/tricore/4.6.4/tc161/short-double/crtbegin.o

.bss            memory region -> DMI_DSPR
                0xd0000060      0xa68 load address 0x8000bd38
                0xd0000060                PROVIDE (__bss_start, .)
 *(.bss)
 .bss           0xd0000060        0x8 c:/hightec/toolchains/tricore/v4.6.6.1/bin/../lib/gcc/tricore/4.6.4/tc161/short-double/crtbegin.o
 .bss           0xd0000068       0x10 src\Core\Appl\Appl.o
                0xd0000068                FunctService255
 .bss           0xd0000078       0x60 src\Core\CanTp\CanTp.o
 .bss           0xd00000d8      0x488 src\Core\Dcm\Dcm.o
                0xd00000d8                Dcm_MainRxBuff
                0xd00004d8                Dcm_MainTxBuff
                0xd0000528                dcmDummyDefault
                0xd000055c                TestFlag
 .bss           0xd0000560       0x18 src\Core\Dcm\Dcm_Dsp.o
 .bss           0xd0000578      0x380 src\Core\Fl\FL.o
                0xd0000578                FL_NvmInfo
 .bss           0xd00008f8       0x68 src\Core\SecM\SecM.o
                0xd00008f8                SecM_CrcDataBuffer
 .bss           0xd0000960       0x90 src\Driver\Can\Can.o
 .bss           0xd00009f0        0x8 src\Driver\MCU\Mcu.o
                0xd00009f0                Mcu_kConfigPtr
                0xd00009f4                Mcu_ClockSetting
 .bss           0xd00009f8       0x18 src\Driver\includes\Mcal_TcLib.o
 .bss           0xd0000a10       0x28 src\Driver\includes\Mcal_WdgLib.o
 .bss           0xd0000a38       0x90 c:/hightec/toolchains/tricore/v4.6.6.1/bin/../lib/gcc/tricore/4.6.4/../../../../tricore/lib/tc161/short-double\libdnk_c.a(rand.o)
                0xd0000a38                _Tls_setup__Randseed
                0xd0000a3c                _Tls_setup__Randinit
                0xd0000a40                _Randinit
 *(.bss*)
 *(.gnu.linkonce.b.*)
                0xd0000ac8                PROVIDE (__bss_end, .)
                0xd0000ac8                . = ALIGN (0x8)

.pcptext        memory region -> PMU_PFLASH0
                0x8000bd38        0x0
                0x8000bd38                PROVIDE (__pcptext_start, .)
                0x8000bd38                PROVIDE (__pcptext_end, .)
                0x8000bd38                . = ALIGN (0x8)

.pcpdata        memory region -> PMU_PFLASH0
                0x8000bd38        0x0
                0x8000bd38                PROVIDE (__pcpdata_start, .)
                0x8000bd38                PROVIDE (__pcpdata_end, .)
                0x8000bd38                . = ALIGN (0x8)

.ctors          memory region -> PMU_PFLASH0
                0x8000bd38       0x10
                0x8000bd38                __CTOR_LIST__ = .
                0x8000bd38        0x4 LONG 0x2 (((__CTOR_END__ - __CTOR_LIST__) / 0x4) - 0x2)
 *crtbegin.o(.ctors)
 .ctors         0x8000bd3c        0x4 c:/hightec/toolchains/tricore/v4.6.6.1/bin/../lib/gcc/tricore/4.6.4/tc161/short-double/crtbegin.o
 *(EXCLUDE_FILE(*crtend.o) .ctors)
 *(SORT(.ctors.*))
 *(.ctors)
 .ctors         0x8000bd40        0x4 c:/hightec/toolchains/tricore/v4.6.6.1/bin/../lib/gcc/tricore/4.6.4/tc161/short-double/crtend.o
                0x8000bd44        0x4 LONG 0x0
                0x8000bd48                __CTOR_END__ = .
                0x8000bd48                . = ALIGN (0x8)

.dtors          memory region -> PMU_PFLASH0
                0x8000bd48       0x10
                0x8000bd48                __DTOR_LIST__ = .
                0x8000bd48        0x4 LONG 0x2 (((__DTOR_END__ - __DTOR_LIST__) / 0x4) - 0x2)
 *crtbegin.o(.dtors)
 .dtors         0x8000bd4c        0x4 c:/hightec/toolchains/tricore/v4.6.6.1/bin/../lib/gcc/tricore/4.6.4/tc161/short-double/crtbegin.o
 *(EXCLUDE_FILE(*crtend.o) .dtors)
 *(SORT(.dtors.*))
 *(.dtors)
 .dtors         0x8000bd50        0x4 c:/hightec/toolchains/tricore/v4.6.6.1/bin/../lib/gcc/tricore/4.6.4/tc161/short-double/crtend.o
                0x8000bd54        0x4 LONG 0x0
                0x8000bd58                __DTOR_END__ = .
                0x8000bd58                . = ALIGN (0x8)

.clear_sec      memory region -> PMU_PFLASH0
                0x8000bd58       0x28
                0x8000bd58                . = ALIGN (0x8)
                0x8000bd58                PROVIDE (__clear_table, .)
                0x8000bd58        0x4 LONG 0xd0000060 (0x0 + ADDR (.bss))
                0x8000bd5c        0x4 LONG 0xa68 SIZEOF (.bss)
                0x8000bd60        0x4 LONG 0xd0000000 (0x0 + ADDR (.sbss))
                0x8000bd64        0x4 LONG 0x0 SIZEOF (.sbss)
                0x8000bd68        0x4 LONG 0xd0000000 (0x0 + ADDR (.zbss))
                0x8000bd6c        0x4 LONG 0x0 SIZEOF (.zbss)
                0x8000bd70        0x4 LONG 0xd0000000 (0x0 + ADDR (.bbss))
                0x8000bd74        0x4 LONG 0x0 SIZEOF (.bbss)
                0x8000bd78        0x4 LONG 0xffffffff
                0x8000bd7c        0x4 LONG 0xffffffff

.copy_sec       memory region -> PMU_PFLASH0
                0x8000bd80       0x3c
                0x8000bd80                . = ALIGN (0x8)
                0x8000bd80                PROVIDE (__copy_table, .)
                0x8000bd80        0x4 LONG 0x8000bcd8 LOADADDR (.data)
                0x8000bd84        0x4 LONG 0xd0000000 (0x0 + ADDR (.data))
                0x8000bd88        0x4 LONG 0x60 SIZEOF (.data)
                0x8000bd8c        0x4 LONG 0x8000b610 LOADADDR (.sdata)
                0x8000bd90        0x4 LONG 0xd0000000 (0x0 + ADDR (.sdata))
                0x8000bd94        0x4 LONG 0x0 SIZEOF (.sdata)
                0x8000bd98        0x4 LONG 0x8000b610 LOADADDR (.zdata)
                0x8000bd9c        0x4 LONG 0xd0000000 (0x0 + ADDR (.zdata))
                0x8000bda0        0x4 LONG 0x0 SIZEOF (.zdata)
                0x8000bda4        0x4 LONG 0x8000b610 LOADADDR (.bdata)
                0x8000bda8        0x4 LONG 0xd0000000 (0x0 + ADDR (.bdata))
                0x8000bdac        0x4 LONG 0x0 SIZEOF (.bdata)
                0x8000bdb0        0x4 LONG 0xffffffff
                0x8000bdb4        0x4 LONG 0xffffffff
                0x8000bdb8        0x4 LONG 0xffffffff

.ustack         memory region -> DMI_DSPR
                0xd0000ac8      0x400
                0xd0000ac8                . = ALIGN (0x8)
                0xd0000ac8                __USTACK_BEGIN = .
                0xd0000ec8                . = (. + __USTACK_SIZE)
 *fill*         0xd0000ac8      0x400 00
                0xd0000ec8                . = ALIGN (0x8)
                0xd0000ec8                __USTACK = .
                0xd0000ec8                __USTACK_END = .

.istack         memory region -> DMI_DSPR
                0xd0000ec8      0x100
                0xd0000ec8                . = ALIGN (0x8)
                0xd0000ec8                __ISTACK_BEGIN = .
                0xd0000fc8                . = (. + __ISTACK_SIZE)
 *fill*         0xd0000ec8      0x100 00
                0xd0000fc8                . = ALIGN (0x8)
                0xd0000fc8                __ISTACK = .
                0xd0000fc8                __ISTACK_END = .

.heap           memory region -> DMI_DSPR
                0xd0000fc8     0x1000
                0xd0000fc8                . = ALIGN (0x8)
                0xd0000fc8                __HEAP_BEGIN = .
                0xd0000fc8                __HEAP = .
                0xd0001fc8                . = (. + __HEAP_SIZE)
 *fill*         0xd0000fc8     0x1000 00
                0xd0001fc8                . = ALIGN (0x8)
                0xd0001fc8                __HEAP_END = .

.csa            memory region -> DMI_DSPR
                0xd0001fc8     0x4038
                0xd0002000                . = ALIGN (0x40)
 *fill*         0xd0001fc8       0x38 00
                0xd0002000                __CSA_BEGIN = .
                0xd0002000                __CSA = .
                0xd0006000                . = (. + __CSA_SIZE)
 *fill*         0xd0002000     0x4000 00
                0xd0006000                . = ALIGN (0x40)
                0xd0006000                __CSA_END = .

.Bootloader_CODE memory region -> PMU_PFLASH0
                0x80000000        0x0
                0x00000000                PROVIDE (__Bootloader_CODE_start, 0x80000000)
 *(.text*)
                0x00001000                PROVIDE (__Bootloader_CODE_end, 0x80001000)

.BL_NvmInf      memory region -> PMU_DFLASH0_NVM
                0xaf000000       0x68
                0x5e000000                PROVIDE (__BL_NvmInf_start, 0xaf000000)
 *(.BL_NvmInf*)
 .BL_NvmInf     0xaf000000       0x68 src\Core\Fl\FL.o
                0xaf000000                BL_Information
                0x5e004000                PROVIDE (__BL_NvmInf_end, 0xaf004000)
OUTPUT(HTCU200_FBL.elf elf32-tricore)

.version_info   memory region -> *default*
                0x00000000    0x36ebd
 .version_info  0x00000000     0x17a4 c:/hightec/toolchains/tricore/v4.6.6.1/bin/../lib/gcc/tricore/4.6.4/tc161/short-double/crtbegin.o
 .version_info  0x000017a4     0x1a73 src\Cfg\Can\Can_Cfg.o
 .version_info  0x00003217     0x1a97 src\Cfg\CanIf\CanIf_Cfg.o
 .version_info  0x00004cae     0x1a97 src\Cfg\CanTp\CanTp_Cfg.o
 .version_info  0x00006745     0x1a73 src\Cfg\Dcm\Dcm_Cfg.o
 .version_info  0x000081b8     0x1a61 src\Cfg\FL\FL_Cfg.o
 .version_info  0x00009c19     0x1a85 src\Cfg\Mcu\Mcu_PBCfg.o
 .version_info  0x0000b69e     0x1a6a src\Core\Appl\Appl.o
 .version_info  0x0000d108     0x1a58 src\Core\Cal\Cal.o
 .version_info  0x0000eb60     0x1a7c src\Core\CanIf\CanIf.o
 .version_info  0x000105dc     0x1a7c src\Core\CanTp\CanTp.o
 .version_info  0x00012058     0x1a58 src\Core\Dcm\Dcm.o
 .version_info  0x00013ab0     0x1a7c src\Core\Dcm\Dcm_Dsp.o
 .version_info  0x0001552c     0x1a46 src\Core\Fl\FL.o
 .version_info  0x00016f72     0x1a6a src\Core\SecM\SecM.o
 .version_info  0x000189dc     0x1a6a src\Driver\Can\Can.o
 .version_info  0x0001a446     0x1a6a src\Driver\Fls\Fls.o
 .version_info  0x0001beb0     0x1a6a src\Driver\MCU\Mcu.o
 .version_info  0x0001d91a     0x1a8e src\Driver\MCU\Mcu_Crc.o
 .version_info  0x0001f3a8     0x1a8e src\Driver\MCU\Mcu_Dma.o
 .version_info  0x00020e36     0x1abb src\Driver\MCU\Mcu_Platform.o
 .version_info  0x000228f1     0x1a8e src\Driver\MCU\Mcu_Ver.o
 .version_info  0x0002437f     0x1a6a src\Driver\Stm\STM.o
 .version_info  0x00025de9     0x1a6a src\Driver\Wdg\Wdg.o
 .version_info  0x00027853     0x1aa0 src\Driver\includes\Mcal.o
 .version_info  0x000292f3     0x1adf src\Driver\includes\Mcal_DmaLib.o
 .version_info  0x0002add2     0x1ad6 src\Driver\includes\Mcal_TcLib.o
 .version_info  0x0002c8a8     0x1adf src\Driver\includes\Mcal_WdgLib.o
 .version_info  0x0002e387     0x1aa0 src\Driver\includes\SchM.o
 .version_info  0x0002fe27     0x1a10 src\main.o
 .version_info  0x00031837      0xfcb c:/hightec/toolchains/tricore/v4.6.6.1/bin/../lib/gcc/tricore/4.6.4/../../../../tricore/lib/tc161/short-double\libdnk_c.a(rand.o)
 .version_info  0x00032802      0xfcd c:/hightec/toolchains/tricore/v4.6.6.1/bin/../lib/gcc/tricore/4.6.4/../../../../tricore/lib/tc161/short-double\libdnk_c.a(srand.o)
 .version_info  0x000337cf      0xfa1 c:/hightec/toolchains/tricore/v4.6.6.1/bin/../lib/gcc/tricore/4.6.4/../../../../tricore/lib/tc161/short-double\libos.a(wdtcon.o)
 .version_info  0x00034770      0xfb1 c:/hightec/toolchains/tricore/v4.6.6.1/bin/../lib/gcc/tricore/4.6.4/../../../../tricore/lib/tc161/short-double\libos.a(libos_exit.o)
 .version_info  0x00035721     0x179c c:/hightec/toolchains/tricore/v4.6.6.1/bin/../lib/gcc/tricore/4.6.4/tc161/short-double/crtend.o

.comment        memory region -> *default*
                0x00000000       0x46
 .comment       0x00000000       0x46 c:/hightec/toolchains/tricore/v4.6.6.1/bin/../lib/gcc/tricore/4.6.4/tc161/short-double/crtbegin.o
                                 0x47 (size before relaxing)
 .comment       0x00000000       0x47 src\Cfg\Can\Can_Cfg.o
 .comment       0x00000000       0x47 src\Cfg\CanIf\CanIf_Cfg.o
 .comment       0x00000000       0x47 src\Cfg\CanTp\CanTp_Cfg.o
 .comment       0x00000000       0x47 src\Cfg\Dcm\Dcm_Cfg.o
 .comment       0x00000000       0x47 src\Cfg\FL\FL_Cfg.o
 .comment       0x00000000       0x47 src\Cfg\Mcu\Mcu_PBCfg.o
 .comment       0x00000000       0x47 src\Core\Appl\Appl.o
 .comment       0x00000000       0x47 src\Core\Cal\Cal.o
 .comment       0x00000000       0x47 src\Core\CanIf\CanIf.o
 .comment       0x00000000       0x47 src\Core\CanTp\CanTp.o
 .comment       0x00000000       0x47 src\Core\Dcm\Dcm.o
 .comment       0x00000000       0x47 src\Core\Dcm\Dcm_Dsp.o
 .comment       0x00000000       0x47 src\Core\Fl\FL.o
 .comment       0x00000000       0x47 src\Core\SecM\SecM.o
 .comment       0x00000000       0x47 src\Driver\Can\Can.o
 .comment       0x00000000       0x47 src\Driver\Fls\Fls.o
 .comment       0x00000000       0x47 src\Driver\MCU\Mcu.o
 .comment       0x00000000       0x47 src\Driver\MCU\Mcu_Crc.o
 .comment       0x00000000       0x47 src\Driver\MCU\Mcu_Dma.o
 .comment       0x00000000       0x47 src\Driver\MCU\Mcu_Platform.o
 .comment       0x00000000       0x47 src\Driver\MCU\Mcu_Ver.o
 .comment       0x00000000       0x47 src\Driver\Stm\STM.o
 .comment       0x00000000       0x47 src\Driver\Wdg\Wdg.o
 .comment       0x00000000       0x47 src\Driver\includes\Mcal.o
 .comment       0x00000000       0x47 src\Driver\includes\Mcal_DmaLib.o
 .comment       0x00000000       0x47 src\Driver\includes\Mcal_TcLib.o
 .comment       0x00000000       0x47 src\Driver\includes\Mcal_WdgLib.o
 .comment       0x00000000       0x47 src\Driver\includes\SchM.o
 .comment       0x00000000       0x47 src\main.o
 .comment       0x00000000       0x47 c:/hightec/toolchains/tricore/v4.6.6.1/bin/../lib/gcc/tricore/4.6.4/../../../../tricore/lib/tc161/short-double\libdnk_c.a(rand.o)
 .comment       0x00000000       0x47 c:/hightec/toolchains/tricore/v4.6.6.1/bin/../lib/gcc/tricore/4.6.4/../../../../tricore/lib/tc161/short-double\libdnk_c.a(srand.o)
 .comment       0x00000000       0x47 c:/hightec/toolchains/tricore/v4.6.6.1/bin/../lib/gcc/tricore/4.6.4/../../../../tricore/lib/tc161/short-double\libos.a(wdtcon.o)
 .comment       0x00000000       0x47 c:/hightec/toolchains/tricore/v4.6.6.1/bin/../lib/gcc/tricore/4.6.4/../../../../tricore/lib/tc161/short-double\libos.a(libos_exit.o)
 .comment       0x00000000       0x47 c:/hightec/toolchains/tricore/v4.6.6.1/bin/../lib/gcc/tricore/4.6.4/tc161/short-double/crtend.o

.debug_info     memory region -> *default*
                0x00000000    0x2a3d3
 .debug_info    0x00000000      0x63c src\Cfg\Can\Can_Cfg.o
 .debug_info    0x0000063c      0x398 src\Cfg\CanIf\CanIf_Cfg.o
 .debug_info    0x000009d4      0x2f6 src\Cfg\CanTp\CanTp_Cfg.o
 .debug_info    0x00000cca      0xbdd src\Cfg\Dcm\Dcm_Cfg.o
 .debug_info    0x000018a7      0x1f2 src\Cfg\FL\FL_Cfg.o
 .debug_info    0x00001a99      0x59f src\Cfg\Mcu\Mcu_PBCfg.o
 .debug_info    0x00002038      0xfb7 src\Core\Appl\Appl.o
 .debug_info    0x00002fef      0x25e src\Core\Cal\Cal.o
 .debug_info    0x0000324d      0x797 src\Core\CanIf\CanIf.o
 .debug_info    0x000039e4     0x15a7 src\Core\CanTp\CanTp.o
 .debug_info    0x00004f8b      0xf57 src\Core\Dcm\Dcm.o
 .debug_info    0x00005ee2     0x1ee9 src\Core\Dcm\Dcm_Dsp.o
 .debug_info    0x00007dcb     0x1394 src\Core\Fl\FL.o
 .debug_info    0x0000915f      0x7ea src\Core\SecM\SecM.o
 .debug_info    0x00009949     0x15a8 src\Driver\Can\Can.o
 .debug_info    0x0000aef1      0x4cd src\Driver\Fls\Fls.o
 .debug_info    0x0000b3be     0x7e98 src\Driver\MCU\Mcu.o
 .debug_info    0x00013256      0x14a src\Driver\MCU\Mcu_Crc.o
 .debug_info    0x000133a0     0x3994 src\Driver\MCU\Mcu_Dma.o
 .debug_info    0x00016d34     0x76fe src\Driver\MCU\Mcu_Platform.o
 .debug_info    0x0001e432      0x14a src\Driver\MCU\Mcu_Ver.o
 .debug_info    0x0001e57c      0x1cc src\Driver\Stm\STM.o
 .debug_info    0x0001e748      0x40d src\Driver\Wdg\Wdg.o
 .debug_info    0x0001eb55      0x1b1 src\Driver\includes\Mcal.o
 .debug_info    0x0001ed06     0x448f src\Driver\includes\Mcal_DmaLib.o
 .debug_info    0x00023195     0x45b0 src\Driver\includes\Mcal_TcLib.o
 .debug_info    0x00027745      0xd92 src\Driver\includes\Mcal_WdgLib.o
 .debug_info    0x000284d7     0x1383 src\Driver\includes\SchM.o
 .debug_info    0x0002985a       0x81 src\crt0-tc2x.o
 .debug_info    0x000298db      0x146 src\main.o
 .debug_info    0x00029a21      0x2a0 c:/hightec/toolchains/tricore/v4.6.6.1/bin/../lib/gcc/tricore/4.6.4/../../../../tricore/lib/tc161/short-double\libdnk_c.a(rand.o)
 .debug_info    0x00029cc1      0x1cc c:/hightec/toolchains/tricore/v4.6.6.1/bin/../lib/gcc/tricore/4.6.4/../../../../tricore/lib/tc161/short-double\libdnk_c.a(srand.o)
 .debug_info    0x00029e8d      0x32c c:/hightec/toolchains/tricore/v4.6.6.1/bin/../lib/gcc/tricore/4.6.4/../../../../tricore/lib/tc161/short-double\libos.a(wdtcon.o)
 .debug_info    0x0002a1b9      0x1b9 c:/hightec/toolchains/tricore/v4.6.6.1/bin/../lib/gcc/tricore/4.6.4/../../../../tricore/lib/tc161/short-double\libos.a(libos_exit.o)
 .debug_info    0x0002a372       0x61 c:/hightec/toolchains/tricore/v4.6.6.1/bin/../lib/gcc/tricore/4.6.4/tc161/short-double/crtn.o

.debug_abbrev   memory region -> *default*
                0x00000000     0x2334
 .debug_abbrev  0x00000000       0x8a src\Cfg\Can\Can_Cfg.o
 .debug_abbrev  0x0000008a       0x9c src\Cfg\CanIf\CanIf_Cfg.o
 .debug_abbrev  0x00000126       0x8a src\Cfg\CanTp\CanTp_Cfg.o
 .debug_abbrev  0x000001b0       0xce src\Cfg\Dcm\Dcm_Cfg.o
 .debug_abbrev  0x0000027e       0x74 src\Cfg\FL\FL_Cfg.o
 .debug_abbrev  0x000002f2       0xd2 src\Cfg\Mcu\Mcu_PBCfg.o
 .debug_abbrev  0x000003c4      0x27f src\Core\Appl\Appl.o
 .debug_abbrev  0x00000643       0xa5 src\Core\Cal\Cal.o
 .debug_abbrev  0x000006e8      0x126 src\Core\CanIf\CanIf.o
 .debug_abbrev  0x0000080e      0x121 src\Core\CanTp\CanTp.o
 .debug_abbrev  0x0000092f      0x20f src\Core\Dcm\Dcm.o
 .debug_abbrev  0x00000b3e      0x1a6 src\Core\Dcm\Dcm_Dsp.o
 .debug_abbrev  0x00000ce4      0x1d4 src\Core\Fl\FL.o
 .debug_abbrev  0x00000eb8      0x134 src\Core\SecM\SecM.o
 .debug_abbrev  0x00000fec      0x19c src\Driver\Can\Can.o
 .debug_abbrev  0x00001188       0xd0 src\Driver\Fls\Fls.o
 .debug_abbrev  0x00001258      0x268 src\Driver\MCU\Mcu.o
 .debug_abbrev  0x000014c0       0x21 src\Driver\MCU\Mcu_Crc.o
 .debug_abbrev  0x000014e1      0x153 src\Driver\MCU\Mcu_Dma.o
 .debug_abbrev  0x00001634      0x2af src\Driver\MCU\Mcu_Platform.o
 .debug_abbrev  0x000018e3       0x21 src\Driver\MCU\Mcu_Ver.o
 .debug_abbrev  0x00001904       0x69 src\Driver\Stm\STM.o
 .debug_abbrev  0x0000196d       0xb0 src\Driver\Wdg\Wdg.o
 .debug_abbrev  0x00001a1d       0x6a src\Driver\includes\Mcal.o
 .debug_abbrev  0x00001a87      0x1b7 src\Driver\includes\Mcal_DmaLib.o
 .debug_abbrev  0x00001c3e      0x212 src\Driver\includes\Mcal_TcLib.o
 .debug_abbrev  0x00001e50      0x1a5 src\Driver\includes\Mcal_WdgLib.o
 .debug_abbrev  0x00001ff5       0x4b src\Driver\includes\SchM.o
 .debug_abbrev  0x00002040       0x14 src\crt0-tc2x.o
 .debug_abbrev  0x00002054       0x38 src\main.o
 .debug_abbrev  0x0000208c       0xa3 c:/hightec/toolchains/tricore/v4.6.6.1/bin/../lib/gcc/tricore/4.6.4/../../../../tricore/lib/tc161/short-double\libdnk_c.a(rand.o)
 .debug_abbrev  0x0000212f       0x6a c:/hightec/toolchains/tricore/v4.6.6.1/bin/../lib/gcc/tricore/4.6.4/../../../../tricore/lib/tc161/short-double\libdnk_c.a(srand.o)
 .debug_abbrev  0x00002199      0x128 c:/hightec/toolchains/tricore/v4.6.6.1/bin/../lib/gcc/tricore/4.6.4/../../../../tricore/lib/tc161/short-double\libos.a(wdtcon.o)
 .debug_abbrev  0x000022c1       0x61 c:/hightec/toolchains/tricore/v4.6.6.1/bin/../lib/gcc/tricore/4.6.4/../../../../tricore/lib/tc161/short-double\libos.a(libos_exit.o)
 .debug_abbrev  0x00002322       0x12 c:/hightec/toolchains/tricore/v4.6.6.1/bin/../lib/gcc/tricore/4.6.4/tc161/short-double/crtn.o

.debug_line     memory region -> *default*
                0x00000000     0x8107
 .debug_line    0x00000000      0x212 src\Cfg\Can\Can_Cfg.o
 .debug_line    0x00000212      0x36b src\Cfg\CanIf\CanIf_Cfg.o
 .debug_line    0x0000057d      0x31a src\Cfg\CanTp\CanTp_Cfg.o
 .debug_line    0x00000897      0x38a src\Cfg\Dcm\Dcm_Cfg.o
 .debug_line    0x00000c21      0x1a9 src\Cfg\FL\FL_Cfg.o
 .debug_line    0x00000dca      0x32a src\Cfg\Mcu\Mcu_PBCfg.o
 .debug_line    0x000010f4      0x9ad src\Core\Appl\Appl.o
 .debug_line    0x00001aa1      0x284 src\Core\Cal\Cal.o
 .debug_line    0x00001d25      0x2e6 src\Core\CanIf\CanIf.o
 .debug_line    0x0000200b      0x659 src\Core\CanTp\CanTp.o
 .debug_line    0x00002664      0x6cf src\Core\Dcm\Dcm.o
 .debug_line    0x00002d33      0x986 src\Core\Dcm\Dcm_Dsp.o
 .debug_line    0x000036b9      0x8d6 src\Core\Fl\FL.o
 .debug_line    0x00003f8f      0x40c src\Core\SecM\SecM.o
 .debug_line    0x0000439b      0xa37 src\Driver\Can\Can.o
 .debug_line    0x00004dd2      0x226 src\Driver\Fls\Fls.o
 .debug_line    0x00004ff8      0x528 src\Driver\MCU\Mcu.o
 .debug_line    0x00005520      0x317 src\Driver\MCU\Mcu_Crc.o
 .debug_line    0x00005837      0x3ac src\Driver\MCU\Mcu_Dma.o
 .debug_line    0x00005be3      0x497 src\Driver\MCU\Mcu_Platform.o
 .debug_line    0x0000607a      0x2f4 src\Driver\MCU\Mcu_Ver.o
 .debug_line    0x0000636e      0x3d3 src\Driver\Stm\STM.o
 .debug_line    0x00006741      0x400 src\Driver\Wdg\Wdg.o
 .debug_line    0x00006b41      0x2a5 src\Driver\includes\Mcal.o
 .debug_line    0x00006de6      0x323 src\Driver\includes\Mcal_DmaLib.o
 .debug_line    0x00007109      0x371 src\Driver\includes\Mcal_TcLib.o
 .debug_line    0x0000747a      0x388 src\Driver\includes\Mcal_WdgLib.o
 .debug_line    0x00007802      0x1f8 src\Driver\includes\SchM.o
 .debug_line    0x000079fa      0x121 src\crt0-tc2x.o
 .debug_line    0x00007b1b      0x2af src\main.o
 .debug_line    0x00007dca       0x9e c:/hightec/toolchains/tricore/v4.6.6.1/bin/../lib/gcc/tricore/4.6.4/../../../../tricore/lib/tc161/short-double\libdnk_c.a(rand.o)
 .debug_line    0x00007e68       0x88 c:/hightec/toolchains/tricore/v4.6.6.1/bin/../lib/gcc/tricore/4.6.4/../../../../tricore/lib/tc161/short-double\libdnk_c.a(srand.o)
 .debug_line    0x00007ef0      0x160 c:/hightec/toolchains/tricore/v4.6.6.1/bin/../lib/gcc/tricore/4.6.4/../../../../tricore/lib/tc161/short-double\libos.a(wdtcon.o)
 .debug_line    0x00008050       0x72 c:/hightec/toolchains/tricore/v4.6.6.1/bin/../lib/gcc/tricore/4.6.4/../../../../tricore/lib/tc161/short-double\libos.a(libos_exit.o)
 .debug_line    0x000080c2       0x45 c:/hightec/toolchains/tricore/v4.6.6.1/bin/../lib/gcc/tricore/4.6.4/tc161/short-double/crtn.o

.debug_macinfo  memory region -> *default*
                0x00000000   0x16f953
 .debug_macinfo
                0x00000000     0x4711 src\Cfg\Can\Can_Cfg.o
 .debug_macinfo
                0x00004711     0x494e src\Cfg\CanIf\CanIf_Cfg.o
 .debug_macinfo
                0x0000905f     0x48fc src\Cfg\CanTp\CanTp_Cfg.o
 .debug_macinfo
                0x0000d95b     0x47a3 src\Cfg\Dcm\Dcm_Cfg.o
 .debug_macinfo
                0x000120fe     0x3880 src\Cfg\FL\FL_Cfg.o
 .debug_macinfo
                0x0001597e     0x7cc3 src\Cfg\Mcu\Mcu_PBCfg.o
 .debug_macinfo
                0x0001d641     0xd56f src\Core\Appl\Appl.o
 .debug_macinfo
                0x0002abb0     0x3a03 src\Core\Cal\Cal.o
 .debug_macinfo
                0x0002e5b3     0x46ad src\Core\CanIf\CanIf.o
 .debug_macinfo
                0x00032c60     0x4c28 src\Core\CanTp\CanTp.o
 .debug_macinfo
                0x00037888     0x515f src\Core\Dcm\Dcm.o
 .debug_macinfo
                0x0003c9e7     0x51ac src\Core\Dcm\Dcm_Dsp.o
 .debug_macinfo
                0x00041b93     0x534e src\Core\Fl\FL.o
 .debug_macinfo
                0x00046ee1     0x4a7c src\Core\SecM\SecM.o
 .debug_macinfo
                0x0004b95d     0xa010 src\Driver\Can\Can.o
 .debug_macinfo
                0x0005596d     0x3a4e src\Driver\Fls\Fls.o
 .debug_macinfo
                0x000593bb    0x175db src\Driver\MCU\Mcu.o
 .debug_macinfo
                0x00070996     0x92ec src\Driver\MCU\Mcu_Crc.o
 .debug_macinfo
                0x00079c82    0x386bd src\Driver\MCU\Mcu_Dma.o
 .debug_macinfo
                0x000b233f    0x166b1 src\Driver\MCU\Mcu_Platform.o
 .debug_macinfo
                0x000c89f0     0x858b src\Driver\MCU\Mcu_Ver.o
 .debug_macinfo
                0x000d0f7b     0x7c06 src\Driver\Stm\STM.o
 .debug_macinfo
                0x000d8b81     0x7b88 src\Driver\Wdg\Wdg.o
 .debug_macinfo
                0x000e0709    0x12715 src\Driver\includes\Mcal.o
 .debug_macinfo
                0x000f2e1e    0x36c34 src\Driver\includes\Mcal_DmaLib.o
 .debug_macinfo
                0x00129a52    0x21dfd src\Driver\includes\Mcal_TcLib.o
 .debug_macinfo
                0x0014b84f    0x1d1f0 src\Driver\includes\Mcal_WdgLib.o
 .debug_macinfo
                0x00168a3f     0x3503 src\Driver\includes\SchM.o
 .debug_macinfo
                0x0016bf42     0x3a11 src\main.o

.debug_str      memory region -> *default*
                0x00000000      0xb20
 .debug_str     0x00000000        0x9 src\Cfg\CanIf\CanIf_Cfg.o
 .debug_str     0x00000009       0x27 src\Cfg\Dcm\Dcm_Cfg.o
 .debug_str     0x00000030       0x3d src\Cfg\Mcu\Mcu_PBCfg.o
 .debug_str     0x0000006d       0x70 src\Core\Appl\Appl.o
 .debug_str     0x000000dd        0x7 src\Core\Cal\Cal.o
 .debug_str     0x000000e4        0x9 src\Core\CanIf\CanIf.o
 .debug_str     0x000000ed       0xe6 src\Core\CanTp\CanTp.o
 .debug_str     0x000001d3       0x21 src\Core\Dcm\Dcm.o
 .debug_str     0x000001f4       0xac src\Core\Dcm\Dcm_Dsp.o
 .debug_str     0x000002a0       0x58 src\Core\Fl\FL.o
 .debug_str     0x000002f8        0x9 src\Core\SecM\SecM.o
 .debug_str     0x00000301       0x5f src\Driver\Can\Can.o
 .debug_str     0x00000360      0x231 src\Driver\MCU\Mcu.o
 .debug_str     0x00000591       0xbf src\Driver\MCU\Mcu_Dma.o
 .debug_str     0x00000650      0x226 src\Driver\MCU\Mcu_Platform.o
 .debug_str     0x00000876       0x12 src\Driver\Wdg\Wdg.o
 .debug_str     0x00000888       0xef src\Driver\includes\Mcal_DmaLib.o
 .debug_str     0x00000977      0x10d src\Driver\includes\Mcal_TcLib.o
 .debug_str     0x00000a84       0x8d src\Driver\includes\Mcal_WdgLib.o
 .debug_str     0x00000b11        0xf c:/hightec/toolchains/tricore/v4.6.6.1/bin/../lib/gcc/tricore/4.6.4/../../../../tricore/lib/tc161/short-double\libos.a(wdtcon.o)

.debug_frame    memory region -> *default*
                0x00000000     0x1d80
 .debug_frame   0x00000000      0x114 src\Core\Appl\Appl.o
 .debug_frame   0x00000114       0x4c src\Core\Cal\Cal.o
 .debug_frame   0x00000160       0x88 src\Core\CanIf\CanIf.o
 .debug_frame   0x000001e8      0x240 src\Core\CanTp\CanTp.o
 .debug_frame   0x00000428      0x308 src\Core\Dcm\Dcm.o
 .debug_frame   0x00000730      0x2cc src\Core\Dcm\Dcm_Dsp.o
 .debug_frame   0x000009fc      0x22c src\Core\Fl\FL.o
 .debug_frame   0x00000c28       0x88 src\Core\SecM\SecM.o
 .debug_frame   0x00000cb0      0x254 src\Driver\Can\Can.o
 .debug_frame   0x00000f04       0x38 src\Driver\Fls\Fls.o
 .debug_frame   0x00000f3c       0xec src\Driver\MCU\Mcu.o
 .debug_frame   0x00001028       0x38 src\Driver\MCU\Mcu_Dma.o
 .debug_frame   0x00001060       0xc4 src\Driver\MCU\Mcu_Platform.o
 .debug_frame   0x00001124       0x4c src\Driver\Stm\STM.o
 .debug_frame   0x00001170       0x9c src\Driver\Wdg\Wdg.o
 .debug_frame   0x0000120c       0x24 src\Driver\includes\Mcal.o
 .debug_frame   0x00001230       0x4c src\Driver\includes\Mcal_DmaLib.o
 .debug_frame   0x0000127c      0x128 src\Driver\includes\Mcal_TcLib.o
 .debug_frame   0x000013a4      0x178 src\Driver\includes\Mcal_WdgLib.o
 .debug_frame   0x0000151c      0x790 src\Driver\includes\SchM.o
 .debug_frame   0x00001cac       0x24 src\main.o
 .debug_frame   0x00001cd0       0x20 c:/hightec/toolchains/tricore/v4.6.6.1/bin/../lib/gcc/tricore/4.6.4/../../../../tricore/lib/tc161/short-double\libdnk_c.a(rand.o)
 .debug_frame   0x00001cf0       0x20 c:/hightec/toolchains/tricore/v4.6.6.1/bin/../lib/gcc/tricore/4.6.4/../../../../tricore/lib/tc161/short-double\libdnk_c.a(srand.o)
 .debug_frame   0x00001d10       0x50 c:/hightec/toolchains/tricore/v4.6.6.1/bin/../lib/gcc/tricore/4.6.4/../../../../tricore/lib/tc161/short-double\libos.a(wdtcon.o)
 .debug_frame   0x00001d60       0x20 c:/hightec/toolchains/tricore/v4.6.6.1/bin/../lib/gcc/tricore/4.6.4/../../../../tricore/lib/tc161/short-double\libos.a(libos_exit.o)

.debug_loc      memory region -> *default*
                0x00000000     0x2d05
 .debug_loc     0x00000000      0x1a0 src\Core\Appl\Appl.o
 .debug_loc     0x000001a0       0x60 src\Core\Cal\Cal.o
 .debug_loc     0x00000200       0xc0 src\Core\CanIf\CanIf.o
 .debug_loc     0x000002c0      0x380 src\Core\CanTp\CanTp.o
 .debug_loc     0x00000640      0x4c0 src\Core\Dcm\Dcm.o
 .debug_loc     0x00000b00      0x460 src\Core\Dcm\Dcm_Dsp.o
 .debug_loc     0x00000f60      0x360 src\Core\Fl\FL.o
 .debug_loc     0x000012c0       0xc0 src\Core\SecM\SecM.o
 .debug_loc     0x00001380      0x3a0 src\Driver\Can\Can.o
 .debug_loc     0x00001720       0x40 src\Driver\Fls\Fls.o
 .debug_loc     0x00001760      0x160 src\Driver\MCU\Mcu.o
 .debug_loc     0x000018c0       0x40 src\Driver\MCU\Mcu_Dma.o
 .debug_loc     0x00001900      0x120 src\Driver\MCU\Mcu_Platform.o
 .debug_loc     0x00001a20       0x60 src\Driver\Stm\STM.o
 .debug_loc     0x00001a80       0xe0 src\Driver\Wdg\Wdg.o
 .debug_loc     0x00001b60       0x20 src\Driver\includes\Mcal.o
 .debug_loc     0x00001b80       0x60 src\Driver\includes\Mcal_DmaLib.o
 .debug_loc     0x00001be0      0x1c0 src\Driver\includes\Mcal_TcLib.o
 .debug_loc     0x00001da0      0x240 src\Driver\includes\Mcal_WdgLib.o
 .debug_loc     0x00001fe0      0xc00 src\Driver\includes\SchM.o
 .debug_loc     0x00002be0       0x20 src\main.o
 .debug_loc     0x00002c00       0x13 c:/hightec/toolchains/tricore/v4.6.6.1/bin/../lib/gcc/tricore/4.6.4/../../../../tricore/lib/tc161/short-double\libdnk_c.a(rand.o)
 .debug_loc     0x00002c13       0x1e c:/hightec/toolchains/tricore/v4.6.6.1/bin/../lib/gcc/tricore/4.6.4/../../../../tricore/lib/tc161/short-double\libdnk_c.a(srand.o)
 .debug_loc     0x00002c31       0xd4 c:/hightec/toolchains/tricore/v4.6.6.1/bin/../lib/gcc/tricore/4.6.4/../../../../tricore/lib/tc161/short-double\libos.a(wdtcon.o)

.debug_aranges  memory region -> *default*
                0x00000000      0x380
 .debug_aranges
                0x00000000       0x20 src\Core\Appl\Appl.o
 .debug_aranges
                0x00000020       0x20 src\Core\Cal\Cal.o
 .debug_aranges
                0x00000040       0x20 src\Core\CanIf\CanIf.o
 .debug_aranges
                0x00000060       0x20 src\Core\CanTp\CanTp.o
 .debug_aranges
                0x00000080       0x20 src\Core\Dcm\Dcm.o
 .debug_aranges
                0x000000a0       0x20 src\Core\Dcm\Dcm_Dsp.o
 .debug_aranges
                0x000000c0       0x20 src\Core\Fl\FL.o
 .debug_aranges
                0x000000e0       0x20 src\Core\SecM\SecM.o
 .debug_aranges
                0x00000100       0x20 src\Driver\Can\Can.o
 .debug_aranges
                0x00000120       0x20 src\Driver\Fls\Fls.o
 .debug_aranges
                0x00000140       0x20 src\Driver\MCU\Mcu.o
 .debug_aranges
                0x00000160       0x20 src\Driver\MCU\Mcu_Dma.o
 .debug_aranges
                0x00000180       0x20 src\Driver\MCU\Mcu_Platform.o
 .debug_aranges
                0x000001a0       0x20 src\Driver\Stm\STM.o
 .debug_aranges
                0x000001c0       0x20 src\Driver\Wdg\Wdg.o
 .debug_aranges
                0x000001e0       0x20 src\Driver\includes\Mcal.o
 .debug_aranges
                0x00000200       0x20 src\Driver\includes\Mcal_DmaLib.o
 .debug_aranges
                0x00000220       0x20 src\Driver\includes\Mcal_TcLib.o
 .debug_aranges
                0x00000240       0x20 src\Driver\includes\Mcal_WdgLib.o
 .debug_aranges
                0x00000260       0x20 src\Driver\includes\SchM.o
 .debug_aranges
                0x00000280       0x20 src\crt0-tc2x.o
 .debug_aranges
                0x000002a0       0x20 src\main.o
 .debug_aranges
                0x000002c0       0x20 c:/hightec/toolchains/tricore/v4.6.6.1/bin/../lib/gcc/tricore/4.6.4/../../../../tricore/lib/tc161/short-double\libdnk_c.a(rand.o)
 .debug_aranges
                0x000002e0       0x20 c:/hightec/toolchains/tricore/v4.6.6.1/bin/../lib/gcc/tricore/4.6.4/../../../../tricore/lib/tc161/short-double\libdnk_c.a(srand.o)
 .debug_aranges
                0x00000300       0x38 c:/hightec/toolchains/tricore/v4.6.6.1/bin/../lib/gcc/tricore/4.6.4/../../../../tricore/lib/tc161/short-double\libos.a(wdtcon.o)
 .debug_aranges
                0x00000338       0x20 c:/hightec/toolchains/tricore/v4.6.6.1/bin/../lib/gcc/tricore/4.6.4/../../../../tricore/lib/tc161/short-double\libos.a(libos_exit.o)
 .debug_aranges
                0x00000358       0x28 c:/hightec/toolchains/tricore/v4.6.6.1/bin/../lib/gcc/tricore/4.6.4/tc161/short-double/crtn.o

.debug_ranges   memory region -> *default*
                0x00000000       0x78
 .debug_ranges  0x00000000       0x10 c:/hightec/toolchains/tricore/v4.6.6.1/bin/../lib/gcc/tricore/4.6.4/../../../../tricore/lib/tc161/short-double\libdnk_c.a(rand.o)
 .debug_ranges  0x00000010       0x10 c:/hightec/toolchains/tricore/v4.6.6.1/bin/../lib/gcc/tricore/4.6.4/../../../../tricore/lib/tc161/short-double\libdnk_c.a(srand.o)
 .debug_ranges  0x00000020       0x28 c:/hightec/toolchains/tricore/v4.6.6.1/bin/../lib/gcc/tricore/4.6.4/../../../../tricore/lib/tc161/short-double\libos.a(wdtcon.o)
 .debug_ranges  0x00000048       0x10 c:/hightec/toolchains/tricore/v4.6.6.1/bin/../lib/gcc/tricore/4.6.4/../../../../tricore/lib/tc161/short-double\libos.a(libos_exit.o)
 .debug_ranges  0x00000058       0x20 c:/hightec/toolchains/tricore/v4.6.6.1/bin/../lib/gcc/tricore/4.6.4/tc161/short-double/crtn.o

Cross Reference Table

Symbol                                            File
Appl_CheckConsistency                             src\Core\Appl\Appl.o
                                                  src\Core\Dcm\Dcm_Dsp.o
Appl_EcuReset                                     src\Core\Appl\Appl.o
                                                  src\Core\Dcm\Dcm_Dsp.o
                                                  src\Core\Dcm\Dcm.o
Appl_EcuShutdown                                  src\Core\Appl\Appl.o
Appl_EcuStartup                                   src\Core\Appl\Appl.o
                                                  src\main.o
Appl_FlStartup                                    src\Core\Appl\Appl.o
Appl_Memcpy                                       src\Core\Appl\Appl.o
                                                  src\Core\Fl\FL.o
Appl_Memset                                       src\Core\Appl\Appl.o
                                                  src\Core\Fl\FL.o
Appl_UpdateTriggerCondition                       src\Core\Appl\Appl.o
                                                  src\main.o
                                                  src\Core\SecM\SecM.o
                                                  src\Core\Fl\FL.o
BLFlash_InfoPtr                                   src\Driver\Fls\Fls.o
                                                  src\Core\Fl\FL.o
BL_Information                                    src\Core\Fl\FL.o
Cal_Crc32Tab                                      src\Core\Cal\Cal.o
Cal_CrcCal                                        src\Core\Cal\Cal.o
                                                  src\Core\SecM\SecM.o
Cal_CrcFinalize                                   src\Core\Cal\Cal.o
                                                  src\Core\SecM\SecM.o
Cal_CrcInit                                       src\Core\Cal\Cal.o
                                                  src\Core\SecM\SecM.o
CanIfRxCh                                         src\Cfg\CanIf\CanIf_Cfg.o
                                                  src\Core\CanIf\CanIf.o
CanIfTxCh                                         src\Cfg\CanIf\CanIf_Cfg.o
                                                  src\Core\CanIf\CanIf.o
CanIf_ControllerBusOff                            src\Core\CanIf\CanIf.o
                                                  src\Driver\Can\Can.o
CanIf_Init                                        src\Core\CanIf\CanIf.o
                                                  src\Core\Appl\Appl.o
CanIf_MainFunction                                src\Core\CanIf\CanIf.o
                                                  src\Core\Fl\FL.o
                                                  src\Core\Dcm\Dcm_Dsp.o
                                                  src\Core\Appl\Appl.o
CanIf_RxIndication                                src\Core\CanIf\CanIf.o
                                                  src\Driver\Can\Can.o
CanIf_Transmit                                    src\Core\CanIf\CanIf.o
                                                  src\Core\CanTp\CanTp.o
CanIf_TxConfirmation                              src\Core\CanIf\CanIf.o
                                                  src\Driver\Can\Can.o
CanTp_Init                                        src\Core\CanTp\CanTp.o
                                                  src\Core\Appl\Appl.o
CanTp_MainFunction                                src\Core\CanTp\CanTp.o
                                                  src\Core\Fl\FL.o
                                                  src\Core\Dcm\Dcm_Dsp.o
                                                  src\Core\Appl\Appl.o
CanTp_RxIndication                                src\Core\CanTp\CanTp.o
                                                  src\Cfg\CanIf\CanIf_Cfg.o
CanTp_RxSdu                                       src\Cfg\CanTp\CanTp_Cfg.o
                                                  src\Core\CanTp\CanTp.o
CanTp_Transmit                                    src\Core\CanTp\CanTp.o
                                                  src\Core\Dcm\Dcm.o
CanTp_TxConfirmation                              src\Core\CanTp\CanTp.o
                                                  src\Cfg\CanIf\CanIf_Cfg.o
CanTp_TxSdu                                       src\Cfg\CanTp\CanTp_Cfg.o
                                                  src\Core\CanTp\CanTp.o
Can_Cbk_CheckWakeup                               src\Driver\Can\Can.o
Can_ControllerConfigData                          src\Cfg\Can\Can_Cfg.o
                                                  src\Driver\Can\Can.o
                                                  src\Core\CanIf\CanIf.o
Can_ControllerPCConfigData                        src\Cfg\Can\Can_Cfg.o
                                                  src\Driver\Can\Can.o
Can_Deinit                                        src\Driver\Can\Can.o
                                                  src\Core\Appl\Appl.o
Can_DisableControllerInterrupts                   src\Driver\Can\Can.o
Can_EnableControllerInterrupts                    src\Driver\Can\Can.o
Can_HardwareObjectConfigData                      src\Cfg\Can\Can_Cfg.o
                                                  src\Driver\Can\Can.o
Can_HohConfigData                                 src\Cfg\Can\Can_Cfg.o
                                                  src\Driver\Can\Can.o
Can_Init                                          src\Driver\Can\Can.o
                                                  src\Core\CanIf\CanIf.o
Can_InitController                                src\Driver\Can\Can.o
                                                  src\Core\CanIf\CanIf.o
Can_MainFunction_BusOff                           src\Driver\Can\Can.o
                                                  src\Core\CanIf\CanIf.o
Can_MainFunction_Read                             src\Driver\Can\Can.o
                                                  src\Core\CanIf\CanIf.o
Can_MainFunction_Wakeup                           src\Driver\Can\Can.o
                                                  src\Core\CanIf\CanIf.o
Can_MainFunction_Write                            src\Driver\Can\Can.o
                                                  src\Core\CanIf\CanIf.o
Can_SetControllerMode                             src\Driver\Can\Can.o
                                                  src\Core\CanIf\CanIf.o
Can_Write                                         src\Driver\Can\Can.o
                                                  src\Core\CanIf\CanIf.o
Dcm_CheckMemory                                   src\Core\Dcm\Dcm_Dsp.o
                                                  src\Cfg\Dcm\Dcm_Cfg.o
Dcm_CheckProgDependencies                         src\Core\Dcm\Dcm_Dsp.o
                                                  src\Cfg\Dcm\Dcm_Cfg.o
Dcm_CheckProgPreCondition                         src\Core\Dcm\Dcm_Dsp.o
                                                  src\Cfg\Dcm\Dcm_Cfg.o
Dcm_CheckSecuritySupp                             src\Core\Dcm\Dcm.o
                                                  src\Core\Dcm\Dcm_Dsp.o
Dcm_CheckSessionSupp                              src\Core\Dcm\Dcm.o
                                                  src\Core\Dcm\Dcm_Dsp.o
Dcm_CheckSessionSuppMask                          src\Core\Dcm\Dcm.o
                                                  src\Core\Dcm\Dcm_Dsp.o
Dcm_CheckSessionSuppMask_2E                       src\Core\Dcm\Dcm.o
                                                  src\Core\Dcm\Dcm_Dsp.o
Dcm_ComControlRow                                 src\Cfg\Dcm\Dcm_Cfg.o
                                                  src\Core\Dcm\Dcm_Dsp.o
Dcm_DTCSettingRow                                 src\Cfg\Dcm\Dcm_Cfg.o
                                                  src\Core\Dcm\Dcm_Dsp.o
Dcm_DownloadRow                                   src\Cfg\Dcm\Dcm_Cfg.o
                                                  src\Core\Dcm\Dcm_Dsp.o
Dcm_DspInit                                       src\Core\Dcm\Dcm_Dsp.o
                                                  src\Core\Dcm\Dcm.o
Dcm_EraseMemory                                   src\Core\Dcm\Dcm_Dsp.o
                                                  src\Cfg\Dcm\Dcm_Cfg.o
Dcm_ForcePending                                  src\Core\Dcm\Dcm.o
                                                  src\Core\Appl\Appl.o
Dcm_GetSecurityLevel                              src\Core\Dcm\Dcm.o
                                                  src\Core\Dcm\Dcm_Dsp.o
                                                  src\Core\Appl\Appl.o
Dcm_GetSecurityTimerExpired                       src\Core\Dcm\Dcm.o
                                                  src\Core\Dcm\Dcm_Dsp.o
Dcm_GetSessionMode                                src\Core\Dcm\Dcm.o
                                                  src\Core\Dcm\Dcm_Dsp.o
                                                  src\Core\Appl\Appl.o
Dcm_Init                                          src\Core\Dcm\Dcm.o
                                                  src\Core\Appl\Appl.o
Dcm_MainFunction                                  src\Core\Dcm\Dcm.o
                                                  src\Core\Appl\Appl.o
Dcm_MainRxBuff                                    src\Core\Dcm\Dcm.o
Dcm_MainTxBuff                                    src\Core\Dcm\Dcm.o
Dcm_Pending2E                                     src\Core\Dcm\Dcm_Dsp.o
                                                  src\Cfg\Dcm\Dcm_Cfg.o
Dcm_Pending31                                     src\Core\Dcm\Dcm_Dsp.o
                                                  src\Cfg\Dcm\Dcm_Cfg.o
Dcm_Pending36                                     src\Core\Dcm\Dcm_Dsp.o
                                                  src\Cfg\Dcm\Dcm_Cfg.o
Dcm_ProgramInit                                   src\Core\Dcm\Dcm.o
                                                  src\Core\Appl\Appl.o
Dcm_ProvideRxBuffer                               src\Core\Dcm\Dcm.o
                                                  src\Core\CanTp\CanTp.o
Dcm_ProvideTxBuffer                               src\Core\Dcm\Dcm.o
                                                  src\Core\CanTp\CanTp.o
Dcm_ReadDidRow                                    src\Cfg\Dcm\Dcm_Cfg.o
                                                  src\Core\Dcm\Dcm_Dsp.o
Dcm_RecvMsg10                                     src\Core\Dcm\Dcm_Dsp.o
                                                  src\Cfg\Dcm\Dcm_Cfg.o
Dcm_RecvMsg11                                     src\Core\Dcm\Dcm_Dsp.o
                                                  src\Cfg\Dcm\Dcm_Cfg.o
Dcm_RecvMsg22                                     src\Core\Dcm\Dcm_Dsp.o
                                                  src\Cfg\Dcm\Dcm_Cfg.o
Dcm_RecvMsg27                                     src\Core\Dcm\Dcm_Dsp.o
                                                  src\Cfg\Dcm\Dcm_Cfg.o
Dcm_RecvMsg28                                     src\Core\Dcm\Dcm_Dsp.o
                                                  src\Cfg\Dcm\Dcm_Cfg.o
Dcm_RecvMsg2E                                     src\Core\Dcm\Dcm_Dsp.o
                                                  src\Cfg\Dcm\Dcm_Cfg.o
Dcm_RecvMsg31                                     src\Core\Dcm\Dcm_Dsp.o
                                                  src\Cfg\Dcm\Dcm_Cfg.o
Dcm_RecvMsg34                                     src\Core\Dcm\Dcm_Dsp.o
                                                  src\Cfg\Dcm\Dcm_Cfg.o
Dcm_RecvMsg36                                     src\Core\Dcm\Dcm_Dsp.o
                                                  src\Cfg\Dcm\Dcm_Cfg.o
Dcm_RecvMsg37                                     src\Core\Dcm\Dcm_Dsp.o
                                                  src\Cfg\Dcm\Dcm_Cfg.o
Dcm_RecvMsg3E                                     src\Core\Dcm\Dcm_Dsp.o
                                                  src\Cfg\Dcm\Dcm_Cfg.o
Dcm_RecvMsg85                                     src\Core\Dcm\Dcm_Dsp.o
                                                  src\Cfg\Dcm\Dcm_Cfg.o
Dcm_ResetRow                                      src\Cfg\Dcm\Dcm_Cfg.o
                                                  src\Core\Dcm\Dcm_Dsp.o
Dcm_RoutineControlRow                             src\Cfg\Dcm\Dcm_Cfg.o
                                                  src\Core\Dcm\Dcm_Dsp.o
Dcm_RxIndication                                  src\Core\Dcm\Dcm.o
                                                  src\Core\CanTp\CanTp.o
Dcm_SecurityRow                                   src\Cfg\Dcm\Dcm_Cfg.o
                                                  src\Core\Dcm\Dcm_Dsp.o
Dcm_SendNcr                                       src\Core\Dcm\Dcm.o
                                                  src\Core\Fl\FL.o
                                                  src\Core\Dcm\Dcm_Dsp.o
Dcm_SendRsp                                       src\Core\Dcm\Dcm.o
                                                  src\Core\Dcm\Dcm_Dsp.o
Dcm_ServiceFinish                                 src\Core\Dcm\Dcm.o
                                                  src\Core\Dcm\Dcm_Dsp.o
Dcm_ServiceTable                                  src\Cfg\Dcm\Dcm_Cfg.o
                                                  src\Core\Dcm\Dcm.o
Dcm_SessionRow                                    src\Cfg\Dcm\Dcm_Cfg.o
                                                  src\Core\Dcm\Dcm_Dsp.o
Dcm_SetSecurityLevel                              src\Core\Dcm\Dcm.o
                                                  src\Core\Dcm\Dcm_Dsp.o
Dcm_SetSessionMode                                src\Core\Dcm\Dcm.o
                                                  src\Core\Dcm\Dcm_Dsp.o
Dcm_StartP3cTimer                                 src\Core\Dcm\Dcm.o
                                                  src\Driver\Can\Can.o
Dcm_StartResetTimer                               src\Core\Dcm\Dcm.o
                                                  src\Core\Dcm\Dcm_Dsp.o
Dcm_StartSecurityTimer                            src\Core\Dcm\Dcm.o
                                                  src\Core\Dcm\Dcm_Dsp.o
Dcm_TxConfirmation                                src\Core\Dcm\Dcm.o
                                                  src\Core\CanTp\CanTp.o
Dcm_WriteDidRow                                   src\Cfg\Dcm\Dcm_Cfg.o
                                                  src\Core\Dcm\Dcm_Dsp.o
Dcm_testPresentRow                                src\Cfg\Dcm\Dcm_Cfg.o
                                                  src\Core\Dcm\Dcm_Dsp.o
FL_BlkInfo                                        src\Cfg\FL\FL_Cfg.o
                                                  src\Core\Fl\FL.o
                                                  src\Core\Dcm\Dcm_Dsp.o
FL_CheckProgPreCondition                          src\Core\Fl\FL.o
                                                  src\Core\Dcm\Dcm_Dsp.o
FL_CheckSumRoutine                                src\Core\Fl\FL.o
                                                  src\Core\Dcm\Dcm_Dsp.o
FL_DownloadRequestValid                           src\Core\Fl\FL.o
                                                  src\Core\Dcm\Dcm_Dsp.o
FL_EraseRoutine                                   src\Core\Fl\FL.o
                                                  src\Core\Dcm\Dcm_Dsp.o
FL_ExitTransferData                               src\Core\Fl\FL.o
                                                  src\Core\Dcm\Dcm_Dsp.o
FL_FlashProgramRegion                             src\Core\Fl\FL.o
                                                  src\Core\Dcm\Dcm_Dsp.o
FL_InitState                                      src\Core\Fl\FL.o
                                                  src\Core\Appl\Appl.o
FL_MainFunction                                   src\Core\Fl\FL.o
                                                  src\main.o
FL_NvmInfo                                        src\Core\Fl\FL.o
                                                  src\Core\SecM\SecM.o
                                                  src\Core\Dcm\Dcm_Dsp.o
                                                  src\Core\Appl\Appl.o
FL_ReadBootSWReferenceNumber                      src\Core\Fl\FL.o
                                                  src\Cfg\Dcm\Dcm_Cfg.o
FL_ReadFingerPrint                                src\Core\Fl\FL.o
                                                  src\Cfg\Dcm\Dcm_Cfg.o
FL_ReadMemory                                     src\Core\Fl\FL.o
                                                  src\Core\SecM\SecM.o
FL_ReadProgAttemptCounter                         src\Core\Fl\FL.o
FL_ReadProgCounter                                src\Core\Fl\FL.o
FL_ReadSysECUHWVer                                src\Core\Fl\FL.o
FL_ServiceFinished                                src\Core\Fl\FL.o
                                                  src\Core\Dcm\Dcm.o
FL_WriteFingerPrint                               src\Core\Fl\FL.o
                                                  src\Cfg\Dcm\Dcm_Cfg.o
FL_WriteRepairShopCode                            src\Core\Fl\FL.o
FL_updateProgCnt                                  src\Core\Fl\FL.o
                                                  src\Core\Dcm\Dcm_Dsp.o
Fl_GetActiveJob                                   src\Core\Fl\FL.o
                                                  src\Core\Dcm\Dcm.o
                                                  src\Core\Appl\Appl.o
FlashReadByte                                     src\Driver\Fls\Fls.o
                                                  src\Core\Fl\FL.o
FlashReadMemory                                   src\Driver\Fls\Fls.o
                                                  src\Core\Fl\FL.o
                                                  src\Core\Appl\Appl.o
FunctService255                                   src\Core\Appl\Appl.o
                                                  src\Driver\Can\Can.o
                                                  src\Core\Dcm\Dcm_Dsp.o
                                                  src\Core\Dcm\Dcm.o
Mcal_CpuWdtCheckAccess                            src\Driver\includes\Mcal_WdgLib.o
Mcal_CpuWdtModifyAccess                           src\Driver\includes\Mcal_WdgLib.o
Mcal_CpuWdtPwSequence                             src\Driver\includes\Mcal_WdgLib.o
Mcal_DmaCfgNoOfMovesPerTransfer                   src\Driver\includes\Mcal_DmaLib.o
Mcal_DmaDisableIntr                               src\Driver\includes\Mcal_DmaLib.o
Mcal_DmaEnableIntr                                src\Driver\includes\Mcal_DmaLib.o
Mcal_GetCoreId                                    src\Driver\includes\Mcal_TcLib.o
                                                  src\Driver\MCU\Mcu.o
Mcal_GetDsprReMapAddress                          src\Driver\includes\Mcal_TcLib.o
Mcal_GetSpinLock                                  src\Driver\includes\Mcal_TcLib.o
                                                  src\Driver\includes\Mcal_WdgLib.o
Mcal_LockResource                                 src\Driver\includes\Mcal_TcLib.o
Mcal_ReleaseSpinLock                              src\Driver\includes\Mcal_TcLib.o
                                                  src\Driver\includes\Mcal_WdgLib.o
Mcal_ResetCpuENDINIT                              src\Driver\includes\Mcal_WdgLib.o
Mcal_ResetENDINIT                                 src\Driver\includes\Mcal_WdgLib.o
                                                  src\Driver\includes\Mcal_TcLib.o
                                                  src\Driver\MCU\Mcu_Dma.o
                                                  src\Driver\MCU\Mcu.o
Mcal_ResetSafetyENDINIT_Timed                     src\Driver\includes\Mcal_WdgLib.o
                                                  src\Driver\includes\Mcal_TcLib.o
                                                  src\Driver\MCU\Mcu_Platform.o
                                                  src\Driver\MCU\Mcu.o
Mcal_ResumeAllInterrupts                          src\Driver\includes\Mcal_TcLib.o
                                                  src\Driver\includes\Mcal_WdgLib.o
Mcal_SafeErrorHandler                             src\Driver\includes\Mcal.o
                                                  src\Driver\includes\Mcal_WdgLib.o
                                                  src\Driver\includes\Mcal_TcLib.o
Mcal_SafetyCheckAccess                            src\Driver\includes\Mcal_WdgLib.o
Mcal_SafetyModifyAccess                           src\Driver\includes\Mcal_WdgLib.o
Mcal_SafetyPwSequence                             src\Driver\includes\Mcal_WdgLib.o
Mcal_SetCpuENDINIT                                src\Driver\includes\Mcal_WdgLib.o
Mcal_SetCpuPC                                     src\Driver\includes\Mcal_TcLib.o
Mcal_SetENDINIT                                   src\Driver\includes\Mcal_WdgLib.o
                                                  src\Driver\includes\Mcal_TcLib.o
                                                  src\Driver\MCU\Mcu_Dma.o
                                                  src\Driver\MCU\Mcu.o
Mcal_SetRegValSV                                  src\Driver\includes\Mcal_TcLib.o
Mcal_SetSafetyENDINIT_Timed                       src\Driver\includes\Mcal_WdgLib.o
                                                  src\Driver\includes\Mcal_TcLib.o
                                                  src\Driver\MCU\Mcu_Platform.o
                                                  src\Driver\MCU\Mcu.o
Mcal_StartCore                                    src\Driver\includes\Mcal_TcLib.o
Mcal_SuspendAllInterrupts                         src\Driver\includes\Mcal_TcLib.o
                                                  src\Driver\includes\Mcal_WdgLib.o
Mcal_UnlockResource                               src\Driver\includes\Mcal_TcLib.o
Mcal_UpdateRegSV                                  src\Driver\includes\Mcal_TcLib.o
                                                  src\Driver\includes\Mcal_DmaLib.o
                                                  src\Driver\MCU\Mcu_Platform.o
                                                  src\Driver\MCU\Mcu.o
Mcu_ClockSetting                                  src\Driver\MCU\Mcu.o
                                                  src\Driver\MCU\Mcu_Platform.o
Mcu_ConfigRoot                                    src\Cfg\Mcu\Mcu_PBCfg.o
                                                  src\Core\Appl\Appl.o
Mcu_DeInit                                        src\Driver\MCU\Mcu.o
Mcu_DistributePllClock                            src\Driver\MCU\Mcu.o
                                                  src\Core\Appl\Appl.o
Mcu_GetPllStatus                                  src\Driver\MCU\Mcu.o
                                                  src\Core\Appl\Appl.o
Mcu_GetResetRawValue                              src\Driver\MCU\Mcu.o
Mcu_GetResetReason                                src\Driver\MCU\Mcu.o
                                                  src\Core\Appl\Appl.o
Mcu_Init                                          src\Driver\MCU\Mcu.o
                                                  src\Core\Appl\Appl.o
Mcu_InitClock                                     src\Driver\MCU\Mcu.o
                                                  src\Core\Appl\Appl.o
Mcu_InitRamSection                                src\Driver\MCU\Mcu.o
Mcu_PerformReset                                  src\Driver\MCU\Mcu.o
                                                  src\Driver\Wdg\Wdg.o
Mcu_ResetStatusVal                                src\Driver\MCU\Mcu.o
Mcu_SetMode                                       src\Driver\MCU\Mcu.o
Mcu_kConfigPtr                                    src\Driver\MCU\Mcu.o
                                                  src\Driver\MCU\Mcu_Platform.o
Mcu_lDmaDeInit                                    src\Driver\MCU\Mcu_Dma.o
Mcu_lDmaInit                                      src\Driver\MCU\Mcu_Dma.o
Mcu_lGetPlatformRstReason                         src\Driver\MCU\Mcu_Platform.o